Component: ARM Compiler 5.06 update 3 (build 300) Tool: armlink [4d35c9]

==============================================================================

Section Cross References

    main.o(.text) refers to controltask.o(.text) for ControtLoopTaskInit
    main.o(.text) refers to remotetask.o(.text) for RemoteTaskInit
    main.o(.text) refers to delay.o(.text) for delay_ms
    main.o(.text) refers to bsp.o(.text) for BSP_Init
    main.o(.text) refers to timer.o(.text) for Get_Time_Micros
    main.o(.text) refers to imu.o(.text) for IMU_getYawPitchRoll
    main.o(.text) refers to main.o(.data) for system_micrsecond
    main.o(.text) refers to imu.o(.bss) for angle
    bsp.o(.text) refers to misc.o(.text) for NVIC_PriorityGroupConfig
    bsp.o(.text) refers to gun.o(.text) for PWM_Configuration
    bsp.o(.text) refers to led.o(.text) for Led_Configuration
    bsp.o(.text) refers to laser.o(.text) for Laser_Configuration
    bsp.o(.text) refers to timer.o(.text) for TIM2_Configuration
    bsp.o(.text) refers to mpu6050_driver.o(.text) for MPU6050_Initialize
    bsp.o(.text) refers to encoder.o(.text) for Quad_Encoder_Configuration
    bsp.o(.text) refers to can1.o(.text) for CAN1_Configuration
    bsp.o(.text) refers to can2.o(.text) for CAN2_Configuration
    bsp.o(.text) refers to usart1.o(.text) for USART1_Configuration
    bsp.o(.text) refers to usart3.o(.text) for USART3_Configuration
    bsp.o(.text) refers to mpu6050_interrupt.o(.text) for MPU6050_IntConfiguration
    led.o(.text) refers to stm32f4xx_rcc.o(.text) for RCC_AHB1PeriphClockCmd
    led.o(.text) refers to stm32f4xx_gpio.o(.text) for GPIO_Init
    gun.o(.text) refers to stm32f4xx_rcc.o(.text) for RCC_AHB1PeriphClockCmd
    gun.o(.text) refers to stm32f4xx_gpio.o(.text) for GPIO_Init
    gun.o(.text) refers to stm32f4xx_tim.o(.text) for TIM_TimeBaseInit
    can1.o(.text) refers to stm32f4xx_rcc.o(.text) for RCC_AHB1PeriphClockCmd
    can1.o(.text) refers to stm32f4xx_gpio.o(.text) for GPIO_PinAFConfig
    can1.o(.text) refers to misc.o(.text) for NVIC_Init
    can1.o(.text) refers to stm32f4xx_can.o(.text) for CAN_DeInit
    can1.o(.text) refers to canbustask.o(.text) for CanReceiveMsgProcess
    can2.o(.text) refers to stm32f4xx_rcc.o(.text) for RCC_AHB1PeriphClockCmd
    can2.o(.text) refers to stm32f4xx_gpio.o(.text) for GPIO_PinAFConfig
    can2.o(.text) refers to misc.o(.text) for NVIC_Init
    can2.o(.text) refers to stm32f4xx_can.o(.text) for CAN_DeInit
    can2.o(.text) refers to canbustask.o(.text) for CanReceiveMsgProcess
    exti.o(.text) refers to stm32f4xx_rcc.o(.text) for RCC_APB2PeriphClockCmd
    exti.o(.text) refers to stm32f4xx_gpio.o(.text) for GPIO_Init
    exti.o(.text) refers to stm32f4xx_syscfg.o(.text) for SYSCFG_EXTILineConfig
    exti.o(.text) refers to stm32f4xx_exti.o(.text) for EXTI_Init
    exti.o(.text) refers to misc.o(.text) for NVIC_Init
    laser.o(.text) refers to stm32f4xx_rcc.o(.text) for RCC_AHB1PeriphClockCmd
    laser.o(.text) refers to stm32f4xx_gpio.o(.text) for GPIO_Init
    timer.o(.text) refers to stm32f4xx_rcc.o(.text) for RCC_APB2PeriphClockCmd
    timer.o(.text) refers to stm32f4xx_tim.o(.text) for TIM_ARRPreloadConfig
    timer.o(.text) refers to misc.o(.text) for NVIC_Init
    timer.o(.text) refers to stm32f4xx_gpio.o(.text) for GPIO_ToggleBits
    timer.o(.text) refers to controltask.o(.text) for Control_Task
    usart1.o(.text) refers to fifo.o(.text) for FIFO_Init
    usart1.o(.text) refers to stm32f4xx_rcc.o(.text) for RCC_AHB1PeriphClockCmd
    usart1.o(.text) refers to stm32f4xx_gpio.o(.text) for GPIO_PinAFConfig
    usart1.o(.text) refers to stm32f4xx_usart.o(.text) for USART_DeInit
    usart1.o(.text) refers to stm32f4xx_dma.o(.text) for DMA_DeInit
    usart1.o(.text) refers to misc.o(.text) for NVIC_Init
    usart1.o(.text) refers to remotetask.o(.text) for RemoteDataPrcess
    usart1.o(.text) refers to supervisetask.o(.text) for GetLostCounter
    usart1.o(.text) refers to lostcounter.o(.text) for LostCounterFeed
    usart1.o(.text) refers to usart1.o(.bss) for _USART1_RX_BUF
    usart1.o(.text) refers to usart1.o(.data) for this_time_rx_len
    usart3.o(.text) refers to stm32f4xx_rcc.o(.text) for RCC_AHB1PeriphClockCmd
    usart3.o(.text) refers to stm32f4xx_gpio.o(.text) for GPIO_PinAFConfig
    usart3.o(.text) refers to stm32f4xx_usart.o(.text) for USART_Init
    usart3.o(.text) refers to misc.o(.text) for NVIC_Init
    usart3.o(.text) refers to fifo.o(.text) for FIFO_S_Create
    usart3.o(.text) refers to protocal_parser.o(.text) for FrameUnpack
    usart3.o(.text) refers to iotask.o(.text) for SetCaliCmdFlag
    usart3.o(.text) refers to usart3.o(.data) for UART_TranFifo
    usart3.o(.text) refers to usart3.o(.bss) for rx_buffer
    encoder.o(.text) refers to stm32f4xx_rcc.o(.text) for RCC_AHB1PeriphClockCmd
    encoder.o(.text) refers to stm32f4xx_gpio.o(.text) for GPIO_Init
    encoder.o(.text) refers to stm32f4xx_tim.o(.text) for TIM_EncoderInterfaceConfig
[...]
    .bss                                     0x20000874   Section      376  mpu6050_driver.o(.bss)
    .bss                                     0x200009ec   Section      144  iotask.o(.bss)
    MagCaliData                              0x20000a43   Data          19  iotask.o(.bss)
    .bss                                     0x20000a7c   Section       88  remotetask.o(.bss)
    switch1                                  0x20000aac   Data          23  remotetask.o(.bss)
    .bss                                     0x20000ad4   Section      408  canbustask.o(.bss)
    .bss                                     0x20000c6c   Section      266  protocal_parser.o(.bss)
    buffer                                   0x20000c6c   Data          10  protocal_parser.o(.bss)
    __RecvFrameBuffer                        0x20000c76   Data         256  protocal_parser.o(.bss)
    HEAP                                     0x20000d78   Section      512  startup_stm32f4xx.o(HEAP)
    STACK                                    0x20000f78   Section     2560  startup_stm32f4xx.o(STACK)

    Global Symbols

    Symbol Name                              Value     Ov Type        Size  Object(Section)

    BuildAttributes$$THM_ISAv4$E$P$D$K$B$S$7EM$VFPi3$EXTD16$VFPS$VFMA$PE$A:L22UL41UL21$X:L11$S22US41US21$IEEE1$IW$USESV6$~STKCKD$USESV7$~SHL$OTIME$ROPI$IEEEX$EBA8$MICROLIB$REQ8$PRES8$EABIv2 0x00000000   Number         0  anon$$obj.o ABSOLUTE
    __ARM_use_no_argv                        0x00000000   Number         0  main.o ABSOLUTE
    __cpp_initialize__aeabi_                  - Undefined Weak Reference
    __cxa_finalize                            - Undefined Weak Reference
    _clock_init                               - Undefined Weak Reference
    _microlib_exit                            - Undefined Weak Reference
    __Vectors_Size                           0x00000188   Number         0  startup_stm32f4xx.o ABSOLUTE
    __Vectors                                0x08000000   Data           4  startup_stm32f4xx.o(RESET)
    __Vectors_End                            0x08000188   Data           0  startup_stm32f4xx.o(RESET)
    __main                                   0x08000189   Thumb Code     0  entry.o(.ARM.Collect$$$$00000000)
    _main_stk                                0x08000189   Thumb Code     0  entry2.o(.ARM.Collect$$$$00000001)
    _main_scatterload                        0x0800018d   Thumb Code     0  entry5.o(.ARM.Collect$$$$00000004)
    __main_after_scatterload                 0x08000191   Thumb Code     0  entry5.o(.ARM.Collect$$$$00000004)
    _main_clock                              0x08000191   Thumb Code     0  entry7b.o(.ARM.Collect$$$$00000008)
    _main_cpp_init                           0x08000191   Thumb Code     0  entry8b.o(.ARM.Collect$$$$0000000A)
    _main_init                               0x08000191   Thumb Code     0  entry9a.o(.ARM.Collect$$$$0000000B)
    __rt_final_cpp                           0x08000199   Thumb Code     0  entry10a.o(.ARM.Collect$$$$0000000D)
    __rt_final_exit                          0x08000199   Thumb Code     0  entry11a.o(.ARM.Collect$$$$0000000F)
    main                                     0x0800019d   Thumb Code    76  main.o(.text)
    BSP_Init                                 0x080001f9   Thumb Code    74  bsp.o(.text)
    Led_Configuration                        0x08000249   Thumb Code    58  led.o(.text)
    PWM_Configuration                        0x08000289   Thumb Code   282  gun.o(.text)
    CAN1_Configuration                       0x080003b1   Thumb Code   262  can1.o(.text)
    GYRO_RST                                 0x080004b7   Thumb Code    86  can1.o(.text)
    CAN1_TX_IRQHandler                       0x0800050d   Thumb Code    22  can1.o(.text)
    CAN1_RX0_IRQHandler                      0x08000523   Thumb Code    50  can1.o(.text)
    CAN2_Configuration                       0x08000561   Thumb Code   264  can2.o(.text)
    CAN2_TX_IRQHandler                       0x08000669   Thumb Code    22  can2.o(.text)
    CAN2_RX0_IRQHandler                      0x0800067f   Thumb Code    42  can2.o(.text)
    delay_ms                                 0x080006b1   Thumb Code    28  delay.o(.text)
    delay_us                                 0x080006cd   Thumb Code    26  delay.o(.text)
    Delay_ms                                 0x080006e7   Thumb Code    28  delay.o(.text)
    Delay_us                                 0x08000703   Thumb Code    26  delay.o(.text)
    Exti_Configuration                       0x0800071d   Thumb Code   216  exti.o(.text)
    EXTI1_IRQHandler                         0x080007f5   Thumb Code    18  exti.o(.text)
    Laser_Configuration                      0x08000811   Thumb Code    54  laser.o(.text)
    TIM8_Configuration                       0x0800084d   Thumb Code    84  timer.o(.text)
    TIM6_Configuration                       0x080008a1   Thumb Code    72  timer.o(.text)
    TIM6_Start                               0x080008e9   Thumb Code    30  timer.o(.text)
    TIM4_Configuration                       0x08000907   Thumb Code    84  timer.o(.text)
    TIM2_Configuration                       0x0800095b   Thumb Code    60  timer.o(.text)
    TIM2_IRQHandler                          0x08000997   Thumb Code    46  timer.o(.text)
    TIM6_DAC_IRQHandler                      0x080009c5   Thumb Code    34  timer.o(.text)
    Get_Time_Micros                          0x080009e7   Thumb Code     8  timer.o(.text)
    USART1_Configuration                     0x08000a11   Thumb Code   302  usart1.o(.text)
    USART1_IRQHandler                        0x08000b3f   Thumb Code   190  usart1.o(.text)
    USART1_GetRxBuf                          0x08000bfd   Thumb Code     4  usart1.o(.text)
    USART3_Configuration                     0x08000c1d   Thumb Code   182  usart3.o(.text)
    UART3_PrintCh                            0x08000cd3   Thumb Code    28  usart3.o(.text)
    UART3_PrintBlock                         0x08000cef   Thumb Code    44  usart3.o(.text)
    fputc                                    0x08000d1b   Thumb Code    32  usart3.o(.text)
    USART3_IRQHandler                        0x08000d3b   Thumb Code   240  usart3.o(.text)
    Quad_Encoder_Configuration               0x08000e3d   Thumb Code    90  encoder.o(.text)
    Encoder_Start                            0x08000e97   Thumb Code    12  encoder.o(.text)
    GetQuadEncoderDiff                       0x08000ea3   Thumb Code    40  encoder.o(.text)
    BSP_FLASH_GetFlashSector                 0x08000edf   Thumb Code   116  bsp_flash.o(.text)
    BSP_FLASH_Write                          0x08000f53   Thumb Code   168  bsp_flash.o(.text)
    BSP_FLASH_Read                           0x08000ffb   Thumb Code    34  bsp_flash.o(.text)
    Reset_Handler                            0x0800104d   Thumb Code     8  startup_stm32f4xx.o(.text)
    SysTick_Handler                          0x08001065   Thumb Code     2  startup_stm32f4xx.o(.text)
    ADC_IRQHandler                           0x08001067   Thumb Code     0  startup_stm32f4xx.o(.text)
    CAN1_RX1_IRQHandler                      0x08001067   Thumb Code     0  startup_stm32f4xx.o(.text)
    CAN1_SCE_IRQHandler                      0x08001067   Thumb Code     0  startup_stm32f4xx.o(.text)
    CAN2_RX1_IRQHandler                      0x08001067   Thumb Code     0  startup_stm32f4xx.o(.text)
    CAN2_SCE_IRQHandler                      0x08001067   Thumb Code     0  startup_stm32f4xx.o(.text)
    CRYP_IRQHandler                          0x08001067   Thumb Code     0  startup_stm32f4xx.o(.text)
    DCMI_IRQHandler                          0x08001067   Thumb Code     0  startup_stm32f4xx.o(.text)
    DMA1_Stream0_IRQHandler                  0x08001067   Thumb Code     0  startup_stm32f4xx.o(.text)
    DMA1_Stream1_IRQHandler                  0x08001067   Thumb Code     0  startup_stm32f4xx.o(.text)
    DMA1_Stream2_IRQHandler                  0x08001067   Thumb Code     0  startup_stm32f4xx.o(.text)
    DMA1_Stream3_IRQHandler                  0x08001067   Thumb Code     0  startup_stm32f4xx.o(.text)
    DMA1_Stream4_IRQHandler                  0x08001067   Thumb Code     0  startup_stm32f4xx.o(.text)
    DMA1_Stream5_IRQHandler                  0x08001067   Thumb Code     0  startup_stm32f4xx.o(.text)
    DMA1_Stream6_IRQHandler                  0x08001067   Thumb Code     0  startup_stm32f4xx.o(.text)
    DMA1_Stream7_IRQHandler                  0x08001067   Thumb Code     0  startup_stm32f4xx.o(.text)
    DMA2_Stream0_IRQHandler                  0x08001067   Thumb Code     0  startup_stm32f4xx.o(.text)
    DMA2_Stream1_IRQHandler                  0x08001067   Thumb Code     0  startup_stm32f4xx.o(.text)
    DMA2_Stream2_IRQHandler                  0x08001067   Thumb Code     0  startup_stm32f4xx.o(.text)
    DMA2_Stream3_IRQHandler                  0x08001067   Thumb Code     0  startup_stm32f4xx.o(.text)
    DMA2_Stream4_IRQHandler                  0x08001067   Thumb Code     0  startup_stm32f4xx.o(.text)
    DMA2_Stream5_IRQHandler                  0x08001067   Thumb Code     0  startup_stm32f4xx.o(.text)
    DMA2_Stream6_IRQHandler                  0x08001067   Thumb Code     0  startup_stm32f4xx.o(.text)
    DMA2_Stream7_IRQHandler                  0x08001067   Thumb Code     0  startup_stm32f4xx.o(.text)
    ETH_IRQHandler                           0x08001067   Thumb Code     0  startup_stm32f4xx.o(.text)
    ETH_WKUP_IRQHandler                      0x08001067   Thumb Code     0  startup_stm32f4xx.o(.text)
    EXTI15_10_IRQHandler                     0x08001067   Thumb Code     0  startup_stm32f4xx.o(.text)
    EXTI2_IRQHandler                         0x08001067   Thumb Code     0  startup_stm32f4xx.o(.text)
    EXTI3_IRQHandler                         0x08001067   Thumb Code     0  startup_stm32f4xx.o(.text)
    EXTI4_IRQHandler                         0x08001067   Thumb Code     0  startup_stm32f4xx.o(.text)
    EXTI9_5_IRQHandler                       0x08001067   Thumb Code     0  startup_stm32f4xx.o(.text)
    FLASH_IRQHandler                         0x08001067   Thumb Code     0  startup_stm32f4xx.o(.text)
    FPU_IRQHandler                           0x08001067   Thumb Code     0  startup_stm32f4xx.o(.text)
    FSMC_IRQHandler                          0x08001067   Thumb Code     0  startup_stm32f4xx.o(.text)
    HASH_RNG_IRQHandler                      0x08001067   Thumb Code     0  startup_stm32f4xx.o(.text)
    I2C1_ER_IRQHandler                       0x08001067   Thumb Code     0  startup_stm32f4xx.o(.text)
    I2C1_EV_IRQHandler                       0x08001067   Thumb Code     0  startup_stm32f4xx.o(.text)
    I2C2_ER_IRQHandler                       0x08001067   Thumb Code     0  startup_stm32f4xx.o(.text)
    I2C2_EV_IRQHandler                       0x08001067   Thumb Code     0  startup_stm32f4xx.o(.text)
    I2C3_ER_IRQHandler                       0x08001067   Thumb Code     0  startup_stm32f4xx.o(.text)
    I2C3_EV_IRQHandler                       0x08001067   Thumb Code     0  startup_stm32f4xx.o(.text)
    OTG_FS_IRQHandler                        0x08001067   Thumb Code     0  startup_stm32f4xx.o(.text)
    OTG_FS_WKUP_IRQHandler                   0x08001067   Thumb Code     0  startup_stm32f4xx.o(.text)
    OTG_HS_EP1_IN_IRQHandler                 0x08001067   Thumb Code     0  startup_stm32f4xx.o(.text)
    OTG_HS_EP1_OUT_IRQHandler                0x08001067   Thumb Code     0  startup_stm32f4xx.o(.text)
    OTG_HS_IRQHandler                        0x08001067   Thumb Code     0  startup_stm32f4xx.o(.text)
    OTG_HS_WKUP_IRQHandler                   0x08001067   Thumb Code     0  startup_stm32f4xx.o(.text)
    PVD_IRQHandler                           0x08001067   Thumb Code     0  startup_stm32f4xx.o(.text)
    RCC_IRQHandler                           0x08001067   Thumb Code     0  startup_stm32f4xx.o(.text)
    RTC_Alarm_IRQHandler                     0x08001067   Thumb Code     0  startup_stm32f4xx.o(.text)
    RTC_WKUP_IRQHandler                      0x08001067   Thumb Code     0  startup_stm32f4xx.o(.text)
    SDIO_IRQHandler                          0x08001067   Thumb Code     0  startup_stm32f4xx.o(.text)
    SPI1_IRQHandler                          0x08001067   Thumb Code     0  startup_stm32f4xx.o(.text)
    SPI2_IRQHandler                          0x08001067   Thumb Code     0  startup_stm32f4xx.o(.text)
    SPI3_IRQHandler                          0x08001067   Thumb Code     0  startup_stm32f4xx.o(.text)
    TAMP_STAMP_IRQHandler                    0x08001067   Thumb Code     0  startup_stm32f4xx.o(.text)
    TIM1_BRK_TIM9_IRQHandler                 0x08001067   Thumb Code     0  startup_stm32f4xx.o(.text)
    TIM1_CC_IRQHandler                       0x08001067   Thumb Code     0  startup_stm32f4xx.o(.text)
    TIM1_TRG_COM_TIM11_IRQHandler            0x08001067   Thumb Code     0  startup_stm32f4xx.o(.text)
    TIM1_UP_TIM10_IRQHandler                 0x08001067   Thumb Code     0  startup_stm32f4xx.o(.text)
    TIM3_IRQHandler                          0x08001067   Thumb Code     0  startup_stm32f4xx.o(.text)
    TIM4_IRQHandler                          0x08001067   Thumb Code     0  startup_stm32f4xx.o(.text)
    TIM5_IRQHandler                          0x08001067   Thumb Code     0  startup_stm32f4xx.o(.text)
    TIM7_IRQHandler                          0x08001067   Thumb Code     0  startup_stm32f4xx.o(.text)
    TIM8_BRK_TIM12_IRQHandler                0x08001067   Thumb Code     0  startup_stm32f4xx.o(.text)
    TIM8_CC_IRQHandler                       0x08001067   Thumb Code     0  startup_stm32f4xx.o(.text)
    TIM8_TRG_COM_TIM14_IRQHandler            0x08001067   Thumb Code     0  startup_stm32f4xx.o(.text)
    TIM8_UP_TIM13_IRQHandler                 0x08001067   Thumb Code     0  startup_stm32f4xx.o(.text)
    UART4_IRQHandler                         0x08001067   Thumb Code     0  startup_stm32f4xx.o(.text)
    UART5_IRQHandler                         0x08001067   Thumb Code     0  startup_stm32f4xx.o(.text)
    USART2_IRQHandler                        0x08001067   Thumb Code     0  startup_stm32f4xx.o(.text)
    USART6_IRQHandler                        0x08001067   Thumb Code     0  startup_stm32f4xx.o(.text)
    WWDG_IRQHandler                          0x08001067   Thumb Code     0  startup_stm32f4xx.o(.text)
    NMI_Handler                              0x08001071   Thumb Code     2  stm32f4xx_it.o(.text)
    HardFault_Handler                        0x08001073   Thumb Code     4  stm32f4xx_it.o(.text)
    MemManage_Handler                        0x08001077   Thumb Code     4  stm32f4xx_it.o(.text)
    BusFault_Handler                         0x0800107b   Thumb Code     4  stm32f4xx_it.o(.text)
    UsageFault_Handler                       0x0800107f   Thumb Code     4  stm32f4xx_it.o(.text)
    SVC_Handler                              0x08001083   Thumb Code     2  stm32f4xx_it.o(.text)
    DebugMon_Handler                         0x08001085   Thumb Code     2  stm32f4xx_it.o(.text)
    PendSV_Handler                           0x08001087   Thumb Code     2  stm32f4xx_it.o(.text)
    NVIC_PriorityGroupConfig                 0x08001089   Thumb Code    10  misc.o(.text)
    NVIC_Init                                0x08001093   Thumb Code   106  misc.o(.text)
    NVIC_SetVectorTable                      0x080010fd   Thumb Code    14  misc.o(.text)
    NVIC_SystemLPConfig                      0x0800110b   Thumb Code    34  misc.o(.text)
    SysTick_CLKSourceConfig                  0x0800112d   Thumb Code    40  misc.o(.text)
    CAN_DeInit                               0x08001169   Thumb Code    50  stm32f4xx_can.o(.text)
    CAN_Init                                 0x0800119b   Thumb Code   276  stm32f4xx_can.o(.text)
    CAN_FilterInit                           0x080012af   Thumb Code   258  stm32f4xx_can.o(.text)
    CAN_StructInit                           0x080013b1   Thumb Code    32  stm32f4xx_can.o(.text)
    CAN_SlaveStartBank                       0x080013d1   Thumb Code    48  stm32f4xx_can.o(.text)
    CAN_DBGFreeze                            0x08001401   Thumb Code    22  stm32f4xx_can.o(.text)
    CAN_TTComModeCmd                         0x08001417   Thumb Code   118  stm32f4xx_can.o(.text)
    CAN_Transmit                             0x0800148d   Thumb Code   304  stm32f4xx_can.o(.text)
    CAN_TransmitStatus                       0x080015bd   Thumb Code   138  stm32f4xx_can.o(.text)
    CAN_CancelTransmit                       0x08001647   Thumb Code    48  stm32f4xx_can.o(.text)
    CAN_Receive                              0x08001677   Thumb Code   240  stm32f4xx_can.o(.text)
    CAN_FIFORelease                          0x08001767   Thumb Code    22  stm32f4xx_can.o(.text)
    CAN_MessagePending                       0x0800177d   Thumb Code    30  stm32f4xx_can.o(.text)
    CAN_OperatingModeRequest                 0x0800179b   Thumb Code   162  stm32f4xx_can.o(.text)
    CAN_Sleep                                0x0800183d   Thumb Code    30  stm32f4xx_can.o(.text)
    CAN_WakeUp                               0x0800185b   Thumb Code    48  stm32f4xx_can.o(.text)
    CAN_GetLastErrorCode                     0x0800188b   Thumb Code    12  stm32f4xx_can.o(.text)
    CAN_GetReceiveErrorCounter               0x08001897   Thumb Code    10  stm32f4xx_can.o(.text)
    CAN_GetLSBTransmitErrorCounter           0x080018a1   Thumb Code    12  stm32f4xx_can.o(.text)
    CAN_ITConfig                             0x080018ad   Thumb Code    18  stm32f4xx_can.o(.text)
    CAN_GetFlagStatus                        0x080018bf   Thumb Code   120  stm32f4xx_can.o(.text)
    CAN_ClearFlag                            0x08001937   Thumb Code    52  stm32f4xx_can.o(.text)
    CAN_GetITStatus                          0x0800197d   Thumb Code   310  stm32f4xx_can.o(.text)
    CAN_ClearITPendingBit                    0x08001ab3   Thumb Code   162  stm32f4xx_can.o(.text)
    DMA_DeInit                               0x08001b59   Thumb Code   324  stm32f4xx_dma.o(.text)
    DMA_Init                                 0x08001c9d   Thumb Code    82  stm32f4xx_dma.o(.text)
    DMA_StructInit                           0x08001cef   Thumb Code    34  stm32f4xx_dma.o(.text)
    DMA_Cmd                                  0x08001d11   Thumb Code    22  stm32f4xx_dma.o(.text)
    DMA_PeriphIncOffsetSizeConfig            0x08001d27   Thumb Code    22  stm32f4xx_dma.o(.text)
    DMA_FlowControllerConfig                 0x08001d3d   Thumb Code    22  stm32f4xx_dma.o(.text)
    DMA_SetCurrDataCounter                   0x08001d53   Thumb Code     4  stm32f4xx_dma.o(.text)
    DMA_GetCurrDataCounter                   0x08001d57   Thumb Code     8  stm32f4xx_dma.o(.text)
    DMA_DoubleBufferModeConfig               0x08001d5f   Thumb Code    24  stm32f4xx_dma.o(.text)
    DMA_DoubleBufferModeCmd                  0x08001d77   Thumb Code    22  stm32f4xx_dma.o(.text)
    DMA_MemoryTargetConfig                   0x08001d8d   Thumb Code    10  stm32f4xx_dma.o(.text)
    DMA_GetCurrentMemoryTarget               0x08001d97   Thumb Code    20  stm32f4xx_dma.o(.text)
    DMA_GetCmdStatus                         0x08001dab   Thumb Code    20  stm32f4xx_dma.o(.text)
    DMA_GetFIFOStatus                        0x08001dbf   Thumb Code    12  stm32f4xx_dma.o(.text)
    DMA_GetFlagStatus                        0x08001dcb   Thumb Code    56  stm32f4xx_dma.o(.text)
    DMA_ClearFlag                            0x08001e03   Thumb Code    40  stm32f4xx_dma.o(.text)
    DMA_ITConfig                             0x08001e2b   Thumb Code    58  stm32f4xx_dma.o(.text)
    DMA_GetITStatus                          0x08001e65   Thumb Code    84  stm32f4xx_dma.o(.text)
    DMA_ClearITPendingBit                    0x08001eb9   Thumb Code    40  stm32f4xx_dma.o(.text)
    EXTI_DeInit                              0x08001f01   Thumb Code    28  stm32f4xx_exti.o(.text)
    EXTI_Init                                0x08001f1d   Thumb Code   142  stm32f4xx_exti.o(.text)
    EXTI_StructInit                          0x08001fab   Thumb Code    16  stm32f4xx_exti.o(.text)
    EXTI_GenerateSWInterrupt                 0x08001fbb   Thumb Code    16  stm32f4xx_exti.o(.text)
    EXTI_GetFlagStatus                       0x08001fcb   Thumb Code    22  stm32f4xx_exti.o(.text)
    EXTI_ClearFlag                           0x08001fe1   Thumb Code     8  stm32f4xx_exti.o(.text)
    EXTI_GetITStatus                         0x08001fe9   Thumb Code    34  stm32f4xx_exti.o(.text)
    EXTI_ClearITPendingBit                   0x0800200b   Thumb Code     8  stm32f4xx_exti.o(.text)
    FLASH_SetLatency                         0x0800201d   Thumb Code     6  stm32f4xx_flash.o(.text)
    FLASH_PrefetchBufferCmd                  0x08002023   Thumb Code    30  stm32f4xx_flash.o(.text)
    FLASH_InstructionCacheCmd                0x08002041   Thumb Code    30  stm32f4xx_flash.o(.text)
    FLASH_DataCacheCmd                       0x0800205f   Thumb Code    30  stm32f4xx_flash.o(.text)
    FLASH_InstructionCacheReset              0x0800207d   Thumb Code    14  stm32f4xx_flash.o(.text)
    FLASH_DataCacheReset                     0x0800208b   Thumb Code    14  stm32f4xx_flash.o(.text)
    FLASH_Unlock                             0x08002099   Thumb Code    26  stm32f4xx_flash.o(.text)
    FLASH_Lock                               0x080020b3   Thumb Code    18  stm32f4xx_flash.o(.text)
    FLASH_GetStatus                          0x080020c5   Thumb Code    74  stm32f4xx_flash.o(.text)
    FLASH_WaitForLastOperation               0x0800210f   Thumb Code    34  stm32f4xx_flash.o(.text)
    FLASH_EraseSector                        0x08002131   Thumb Code   140  stm32f4xx_flash.o(.text)
    FLASH_EraseAllSectors                    0x080021bd   Thumb Code   112  stm32f4xx_flash.o(.text)
    FLASH_ProgramDoubleWord                  0x0800222d   Thumb Code    86  stm32f4xx_flash.o(.text)
    FLASH_ProgramWord                        0x08002283   Thumb Code    82  stm32f4xx_flash.o(.text)
    FLASH_ProgramHalfWord                    0x080022d5   Thumb Code    82  stm32f4xx_flash.o(.text)
    FLASH_ProgramByte                        0x08002327   Thumb Code    78  stm32f4xx_flash.o(.text)
    FLASH_OB_Unlock                          0x08002375   Thumb Code    26  stm32f4xx_flash.o(.text)
    FLASH_OB_Lock                            0x0800238f   Thumb Code    18  stm32f4xx_flash.o(.text)
    FLASH_OB_WRPConfig                       0x080023a1   Thumb Code    54  stm32f4xx_flash.o(.text)
    FLASH_OB_RDPConfig                       0x080023d7   Thumb Code    24  stm32f4xx_flash.o(.text)
    FLASH_OB_UserConfig                      0x080023ef   Thumb Code    68  stm32f4xx_flash.o(.text)
    FLASH_OB_BORConfig                       0x08002433   Thumb Code    22  stm32f4xx_flash.o(.text)
    FLASH_OB_Launch                          0x08002449   Thumb Code    26  stm32f4xx_flash.o(.text)
    FLASH_OB_GetUser                         0x08002463   Thumb Code    10  stm32f4xx_flash.o(.text)
    FLASH_OB_GetWRP                          0x0800246d   Thumb Code     8  stm32f4xx_flash.o(.text)
    FLASH_OB_GetRDP                          0x08002475   Thumb Code    20  stm32f4xx_flash.o(.text)
    FLASH_OB_GetBOR                          0x08002489   Thumb Code    10  stm32f4xx_flash.o(.text)
    FLASH_ITConfig                           0x08002493   Thumb Code    34  stm32f4xx_flash.o(.text)
    FLASH_GetFlagStatus                      0x080024b5   Thumb Code    22  stm32f4xx_flash.o(.text)
    FLASH_ClearFlag                          0x080024cb   Thumb Code     8  stm32f4xx_flash.o(.text)
    GPIO_DeInit                              0x080024d9   Thumb Code   220  stm32f4xx_gpio.o(.text)
    GPIO_Init                                0x080025b5   Thumb Code   144  stm32f4xx_gpio.o(.text)
    GPIO_StructInit                          0x08002645   Thumb Code    18  stm32f4xx_gpio.o(.text)
    GPIO_PinLockConfig                       0x08002657   Thumb Code    34  stm32f4xx_gpio.o(.text)
    GPIO_ReadInputDataBit                    0x08002679   Thumb Code    18  stm32f4xx_gpio.o(.text)
    GPIO_ReadInputData                       0x0800268b   Thumb Code     8  stm32f4xx_gpio.o(.text)
    GPIO_ReadOutputDataBit                   0x08002693   Thumb Code    18  stm32f4xx_gpio.o(.text)
    GPIO_ReadOutputData                      0x080026a5   Thumb Code     8  stm32f4xx_gpio.o(.text)
    GPIO_SetBits                             0x080026ad   Thumb Code     4  stm32f4xx_gpio.o(.text)
    GPIO_ResetBits                           0x080026b1   Thumb Code     4  stm32f4xx_gpio.o(.text)
    GPIO_WriteBit                            0x080026b5   Thumb Code    10  stm32f4xx_gpio.o(.text)
    GPIO_Write                               0x080026bf   Thumb Code     4  stm32f4xx_gpio.o(.text)
    GPIO_ToggleBits                          0x080026c3   Thumb Code     8  stm32f4xx_gpio.o(.text)
    GPIO_PinAFConfig                         0x080026cb   Thumb Code    70  stm32f4xx_gpio.o(.text)
    RCC_DeInit                               0x08002735   Thumb Code    60  stm32f4xx_rcc.o(.text)
    RCC_HSEConfig                            0x08002771   Thumb Code    14  stm32f4xx_rcc.o(.text)
    RCC_GetFlagStatus                        0x0800277f   Thumb Code    60  stm32f4xx_rcc.o(.text)
    RCC_WaitForHSEStartUp                    0x080027bb   Thumb Code    56  stm32f4xx_rcc.o(.text)
    RCC_AdjustHSICalibrationValue            0x080027f3   Thumb Code    20  stm32f4xx_rcc.o(.text)
    RCC_HSICmd                               0x08002807   Thumb Code     6  stm32f4xx_rcc.o(.text)
    RCC_LSEConfig                            0x0800280d   Thumb Code    46  stm32f4xx_rcc.o(.text)
    RCC_LSICmd                               0x0800283b   Thumb Code     6  stm32f4xx_rcc.o(.text)
    RCC_PLLConfig                            0x08002841   Thumb Code    32  stm32f4xx_rcc.o(.text)
    RCC_PLLCmd                               0x08002861   Thumb Code     6  stm32f4xx_rcc.o(.text)
    RCC_PLLI2SConfig                         0x08002867   Thumb Code    14  stm32f4xx_rcc.o(.text)
    RCC_PLLI2SCmd                            0x08002875   Thumb Code     6  stm32f4xx_rcc.o(.text)
    RCC_ClockSecuritySystemCmd               0x0800287b   Thumb Code     6  stm32f4xx_rcc.o(.text)
    RCC_MCO1Config                           0x08002881   Thumb Code    28  stm32f4xx_rcc.o(.text)
    RCC_MCO2Config                           0x0800289d   Thumb Code    28  stm32f4xx_rcc.o(.text)
    RCC_SYSCLKConfig                         0x080028b9   Thumb Code    20  stm32f4xx_rcc.o(.text)
    RCC_GetSYSCLKSource                      0x080028cd   Thumb Code    12  stm32f4xx_rcc.o(.text)
    RCC_HCLKConfig                           0x080028d9   Thumb Code    20  stm32f4xx_rcc.o(.text)
    RCC_PCLK1Config                          0x080028ed   Thumb Code    20  stm32f4xx_rcc.o(.text)
    RCC_PCLK2Config                          0x08002901   Thumb Code    22  stm32f4xx_rcc.o(.text)
    RCC_GetClocksFreq                        0x08002917   Thumb Code   222  stm32f4xx_rcc.o(.text)
    RCC_RTCCLKConfig                         0x080029f5   Thumb Code    54  stm32f4xx_rcc.o(.text)
    RCC_RTCCLKCmd                            0x08002a2b   Thumb Code     8  stm32f4xx_rcc.o(.text)
    RCC_BackupResetCmd                       0x08002a33   Thumb Code     8  stm32f4xx_rcc.o(.text)
    RCC_I2SCLKConfig                         0x08002a3b   Thumb Code     6  stm32f4xx_rcc.o(.text)
    RCC_AHB1PeriphClockCmd                   0x08002a41   Thumb Code    34  stm32f4xx_rcc.o(.text)
    RCC_AHB2PeriphClockCmd                   0x08002a63   Thumb Code    34  stm32f4xx_rcc.o(.text)
    RCC_AHB3PeriphClockCmd                   0x08002a85   Thumb Code    34  stm32f4xx_rcc.o(.text)
    RCC_APB1PeriphClockCmd                   0x08002aa7   Thumb Code    34  stm32f4xx_rcc.o(.text)
    RCC_APB2PeriphClockCmd                   0x08002ac9   Thumb Code    34  stm32f4xx_rcc.o(.text)
    RCC_AHB1PeriphResetCmd                   0x08002aeb   Thumb Code    34  stm32f4xx_rcc.o(.text)
    RCC_AHB2PeriphResetCmd                   0x08002b0d   Thumb Code    72  stm32f4xx_rcc.o(.text)
    RCC_AHB3PeriphResetCmd                   0x08002b55   Thumb Code    34  stm32f4xx_rcc.o(.text)
    RCC_APB1PeriphResetCmd                   0x08002b77   Thumb Code    34  stm32f4xx_rcc.o(.text)
    RCC_APB2PeriphResetCmd                   0x08002b99   Thumb Code    34  stm32f4xx_rcc.o(.text)
    RCC_AHB1PeriphClockLPModeCmd             0x08002bbb   Thumb Code    34  stm32f4xx_rcc.o(.text)
    RCC_AHB2PeriphClockLPModeCmd             0x08002bdd   Thumb Code    34  stm32f4xx_rcc.o(.text)
    RCC_AHB3PeriphClockLPModeCmd             0x08002bff   Thumb Code    34  stm32f4xx_rcc.o(.text)
    RCC_APB1PeriphClockLPModeCmd             0x08002c21   Thumb Code    34  stm32f4xx_rcc.o(.text)
    RCC_APB2PeriphClockLPModeCmd             0x08002c43   Thumb Code    34  stm32f4xx_rcc.o(.text)
    RCC_ITConfig                             0x08002c65   Thumb Code    34  stm32f4xx_rcc.o(.text)
    RCC_ClearFlag                            0x08002c87   Thumb Code    18  stm32f4xx_rcc.o(.text)
    RCC_GetITStatus                          0x08002c99   Thumb Code    22  stm32f4xx_rcc.o(.text)
    RCC_ClearITPendingBit                    0x08002caf   Thumb Code     8  stm32f4xx_rcc.o(.text)
    SYSCFG_DeInit                            0x08002cbd   Thumb Code    22  stm32f4xx_syscfg.o(.text)
    SYSCFG_MemoryRemapConfig                 0x08002cd3   Thumb Code     6  stm32f4xx_syscfg.o(.text)
    SYSCFG_EXTILineConfig                    0x08002cd9   Thumb Code    66  stm32f4xx_syscfg.o(.text)
    SYSCFG_ETH_MediaInterfaceConfig          0x08002d1b   Thumb Code     6  stm32f4xx_syscfg.o(.text)
    SYSCFG_CompensationCellCmd               0x08002d21   Thumb Code     6  stm32f4xx_syscfg.o(.text)
    SYSCFG_GetCompensationCellStatus         0x08002d27   Thumb Code    22  stm32f4xx_syscfg.o(.text)
    TIM_DeInit                               0x08002d49   Thumb Code   346  stm32f4xx_tim.o(.text)
    TIM_TimeBaseInit                         0x08002ea3   Thumb Code   104  stm32f4xx_tim.o(.text)
    TIM_TimeBaseStructInit                   0x08002f0b   Thumb Code    18  stm32f4xx_tim.o(.text)
    TIM_PrescalerConfig                      0x08002f1d   Thumb Code     6  stm32f4xx_tim.o(.text)
    TIM_CounterModeConfig                    0x08002f23   Thumb Code    18  stm32f4xx_tim.o(.text)
    TIM_SetCounter                           0x08002f35   Thumb Code     4  stm32f4xx_tim.o(.text)
    TIM_SetAutoreload                        0x08002f39   Thumb Code     4  stm32f4xx_tim.o(.text)
    TIM_GetCounter                           0x08002f3d   Thumb Code     6  stm32f4xx_tim.o(.text)
    TIM_GetPrescaler                         0x08002f43   Thumb Code     6  stm32f4xx_tim.o(.text)
    TIM_UpdateDisableConfig                  0x08002f49   Thumb Code    24  stm32f4xx_tim.o(.text)
    TIM_UpdateRequestConfig                  0x08002f61   Thumb Code    24  stm32f4xx_tim.o(.text)
    TIM_ARRPreloadConfig                     0x08002f79   Thumb Code    24  stm32f4xx_tim.o(.text)
    TIM_SelectOnePulseMode                   0x08002f91   Thumb Code    18  stm32f4xx_tim.o(.text)
    TIM_SetClockDivision                     0x08002fa3   Thumb Code    18  stm32f4xx_tim.o(.text)
    TIM_Cmd                                  0x08002fb5   Thumb Code    24  stm32f4xx_tim.o(.text)
    TIM_OC1Init                              0x08002fcd   Thumb Code   114  stm32f4xx_tim.o(.text)
    TIM_OC2Init                              0x0800303f   Thumb Code   154  stm32f4xx_tim.o(.text)
    TIM_OC3Init                              0x080030d9   Thumb Code   204  stm32f4xx_tim.o(.text)
    TIM_OC4Init                              0x080031a5   Thumb Code   112  stm32f4xx_tim.o(.text)
    TIM_OCStructInit                         0x08003215   Thumb Code    20  stm32f4xx_tim.o(.text)
    TIM_SelectOCxM                           0x08003229   Thumb Code    86  stm32f4xx_tim.o(.text)
    TIM_SetCompare1                          0x0800327f   Thumb Code     4  stm32f4xx_tim.o(.text)
    TIM_SetCompare2                          0x08003283   Thumb Code     4  stm32f4xx_tim.o(.text)
    TIM_SetCompare3                          0x08003287   Thumb Code     4  stm32f4xx_tim.o(.text)
    TIM_SetCompare4                          0x0800328b   Thumb Code     4  stm32f4xx_tim.o(.text)
    TIM_ForcedOC1Config                      0x0800328f   Thumb Code    18  stm32f4xx_tim.o(.text)
    TIM_ForcedOC2Config                      0x080032a1   Thumb Code    26  stm32f4xx_tim.o(.text)
    TIM_ForcedOC3Config                      0x080032bb   Thumb Code    18  stm32f4xx_tim.o(.text)
    TIM_ForcedOC4Config                      0x080032cd   Thumb Code    26  stm32f4xx_tim.o(.text)
    TIM_OC1PreloadConfig                     0x080032e7   Thumb Code    18  stm32f4xx_tim.o(.text)
    TIM_OC2PreloadConfig                     0x080032f9   Thumb Code    26  stm32f4xx_tim.o(.text)
    TIM_OC3PreloadConfig                     0x08003313   Thumb Code    18  stm32f4xx_tim.o(.text)
    TIM_OC4PreloadConfig                     0x08003325   Thumb Code    26  stm32f4xx_tim.o(.text)
    TIM_OC1FastConfig                        0x0800333f   Thumb Code    18  stm32f4xx_tim.o(.text)
    TIM_OC2FastConfig                        0x08003351   Thumb Code    26  stm32f4xx_tim.o(.text)
    TIM_OC3FastConfig                        0x0800336b   Thumb Code    18  stm32f4xx_tim.o(.text)
    TIM_OC4FastConfig                        0x0800337d   Thumb Code    26  stm32f4xx_tim.o(.text)
    TIM_ClearOC1Ref                          0x08003397   Thumb Code    18  stm32f4xx_tim.o(.text)
    TIM_ClearOC2Ref                          0x080033a9   Thumb Code    24  stm32f4xx_tim.o(.text)
    TIM_ClearOC3Ref                          0x080033c1   Thumb Code    18  stm32f4xx_tim.o(.text)
    TIM_ClearOC4Ref                          0x080033d3   Thumb Code    24  stm32f4xx_tim.o(.text)
    TIM_OC1PolarityConfig                    0x080033eb   Thumb Code    18  stm32f4xx_tim.o(.text)
    TIM_OC1NPolarityConfig                   0x080033fd   Thumb Code    18  stm32f4xx_tim.o(.text)
    TIM_OC2PolarityConfig                    0x0800340f   Thumb Code    26  stm32f4xx_tim.o(.text)
    TIM_OC2NPolarityConfig                   0x08003429   Thumb Code    26  stm32f4xx_tim.o(.text)
    TIM_OC3PolarityConfig                    0x08003443   Thumb Code    26  stm32f4xx_tim.o(.text)
    TIM_OC3NPolarityConfig                   0x0800345d   Thumb Code    26  stm32f4xx_tim.o(.text)
    TIM_OC4PolarityConfig                    0x08003477   Thumb Code    26  stm32f4xx_tim.o(.text)
    TIM_CCxCmd                               0x08003491   Thumb Code    30  stm32f4xx_tim.o(.text)
    TIM_CCxNCmd                              0x080034af   Thumb Code    30  stm32f4xx_tim.o(.text)
    TIM_SetIC4Prescaler                      0x080034cd   Thumb Code    26  stm32f4xx_tim.o(.text)
    TIM_SetIC3Prescaler                      0x08003537   Thumb Code    18  stm32f4xx_tim.o(.text)
    TIM_SetIC2Prescaler                      0x08003591   Thumb Code    26  stm32f4xx_tim.o(.text)
    TIM_SetIC1Prescaler                      0x08003605   Thumb Code    18  stm32f4xx_tim.o(.text)
    TIM_ICInit                               0x08003651   Thumb Code   110  stm32f4xx_tim.o(.text)
    TIM_ICStructInit                         0x080036bf   Thumb Code    18  stm32f4xx_tim.o(.text)
    TIM_PWMIConfig                           0x080036d1   Thumb Code   124  stm32f4xx_tim.o(.text)
    TIM_GetCapture1                          0x0800374d   Thumb Code     6  stm32f4xx_tim.o(.text)
    TIM_GetCapture2                          0x08003753   Thumb Code     6  stm32f4xx_tim.o(.text)
    TIM_GetCapture3                          0x08003759   Thumb Code     6  stm32f4xx_tim.o(.text)
    TIM_GetCapture4                          0x0800375f   Thumb Code     6  stm32f4xx_tim.o(.text)
    TIM_BDTRConfig                           0x08003765   Thumb Code    32  stm32f4xx_tim.o(.text)
    TIM_BDTRStructInit                       0x08003785   Thumb Code    18  stm32f4xx_tim.o(.text)
    TIM_CtrlPWMOutputs                       0x08003797   Thumb Code    30  stm32f4xx_tim.o(.text)
    TIM_SelectCOM                            0x080037b5   Thumb Code    24  stm32f4xx_tim.o(.text)
    TIM_CCPreloadControl                     0x080037cd   Thumb Code    24  stm32f4xx_tim.o(.text)
    TIM_ITConfig                             0x080037e5   Thumb Code    18  stm32f4xx_tim.o(.text)
    TIM_GenerateEvent                        0x080037f7   Thumb Code     4  stm32f4xx_tim.o(.text)
    TIM_GetFlagStatus                        0x080037fb   Thumb Code    18  stm32f4xx_tim.o(.text)
    TIM_ClearFlag                            0x0800380d   Thumb Code     6  stm32f4xx_tim.o(.text)
    TIM_GetITStatus                          0x08003813   Thumb Code    34  stm32f4xx_tim.o(.text)
    TIM_ClearITPendingBit                    0x08003835   Thumb Code     6  stm32f4xx_tim.o(.text)
    TIM_DMAConfig                            0x0800383b   Thumb Code    10  stm32f4xx_tim.o(.text)
    TIM_DMACmd                               0x08003845   Thumb Code    18  stm32f4xx_tim.o(.text)
    TIM_SelectCCDMA                          0x08003857   Thumb Code    24  stm32f4xx_tim.o(.text)
    TIM_InternalClockConfig                  0x0800386f   Thumb Code    12  stm32f4xx_tim.o(.text)
    TIM_SelectInputTrigger                   0x0800387b   Thumb Code    18  stm32f4xx_tim.o(.text)
    TIM_ITRxExternalClockConfig              0x0800388d   Thumb Code    24  stm32f4xx_tim.o(.text)
    TIM_TIxExternalClockConfig               0x080038a5   Thumb Code    62  stm32f4xx_tim.o(.text)
    TIM_ETRConfig                            0x080038e3   Thumb Code    28  stm32f4xx_tim.o(.text)
    TIM_ETRClockMode1Config                  0x080038ff   Thumb Code    54  stm32f4xx_tim.o(.text)
    TIM_ETRClockMode2Config                  0x08003935   Thumb Code    32  stm32f4xx_tim.o(.text)
    TIM_SelectOutputTrigger                  0x08003955   Thumb Code    18  stm32f4xx_tim.o(.text)
    TIM_SelectSlaveMode                      0x08003967   Thumb Code    18  stm32f4xx_tim.o(.text)
    TIM_SelectMasterSlaveMode                0x08003979   Thumb Code    18  stm32f4xx_tim.o(.text)
    TIM_EncoderInterfaceConfig               0x0800398b   Thumb Code    66  stm32f4xx_tim.o(.text)
    TIM_SelectHallSensor                     0x080039cd   Thumb Code    24  stm32f4xx_tim.o(.text)
    TIM_RemapConfig                          0x080039e5   Thumb Code     6  stm32f4xx_tim.o(.text)
    USART_DeInit                             0x080039ed   Thumb Code   156  stm32f4xx_usart.o(.text)
    USART_Init                               0x08003a89   Thumb Code   204  stm32f4xx_usart.o(.text)
    USART_StructInit                         0x08003b55   Thumb Code    24  stm32f4xx_usart.o(.text)
    USART_ClockInit                          0x08003b6d   Thumb Code    32  stm32f4xx_usart.o(.text)
    USART_ClockStructInit                    0x08003b8d   Thumb Code    12  stm32f4xx_usart.o(.text)
    USART_Cmd                                0x08003b99   Thumb Code    24  stm32f4xx_usart.o(.text)
    USART_SetPrescaler                       0x08003bb1   Thumb Code    16  stm32f4xx_usart.o(.text)
    USART_OverSampling8Cmd                   0x08003bc1   Thumb Code    22  stm32f4xx_usart.o(.text)
    USART_OneBitMethodCmd                    0x08003bd7   Thumb Code    24  stm32f4xx_usart.o(.text)
    USART_SendData                           0x08003bef   Thumb Code     8  stm32f4xx_usart.o(.text)
    USART_ReceiveData                        0x08003bf7   Thumb Code    10  stm32f4xx_usart.o(.text)
    USART_SetAddress                         0x08003c01   Thumb Code    18  stm32f4xx_usart.o(.text)
    USART_ReceiverWakeUpCmd                  0x08003c13   Thumb Code    24  stm32f4xx_usart.o(.text)
    USART_WakeUpConfig                       0x08003c2b   Thumb Code    18  stm32f4xx_usart.o(.text)
    USART_LINBreakDetectLengthConfig         0x08003c3d   Thumb Code    18  stm32f4xx_usart.o(.text)
    USART_LINCmd                             0x08003c4f   Thumb Code    24  stm32f4xx_usart.o(.text)
    USART_SendBreak                          0x08003c67   Thumb Code    10  stm32f4xx_usart.o(.text)
    USART_HalfDuplexCmd                      0x08003c71   Thumb Code    24  stm32f4xx_usart.o(.text)
    USART_SetGuardTime                       0x08003c89   Thumb Code    16  stm32f4xx_usart.o(.text)
    USART_SmartCardCmd                       0x08003c99   Thumb Code    24  stm32f4xx_usart.o(.text)
    USART_SmartCardNACKCmd                   0x08003cb1   Thumb Code    24  stm32f4xx_usart.o(.text)
    USART_IrDAConfig                         0x08003cc9   Thumb Code    18  stm32f4xx_usart.o(.text)
    USART_IrDACmd                            0x08003cdb   Thumb Code    24  stm32f4xx_usart.o(.text)
    USART_DMACmd                             0x08003cf3   Thumb Code    18  stm32f4xx_usart.o(.text)
    USART_ITConfig                           0x08003d05   Thumb Code    74  stm32f4xx_usart.o(.text)
    USART_GetFlagStatus                      0x08003d4f   Thumb Code    26  stm32f4xx_usart.o(.text)
    USART_ClearFlag                          0x08003d69   Thumb Code    18  stm32f4xx_usart.o(.text)
    USART_GetITStatus                        0x08003d7b   Thumb Code   110  stm32f4xx_usart.o(.text)
    USART_ClearITPendingBit                  0x08003de9   Thumb Code    30  stm32f4xx_usart.o(.text)
    SystemInit                               0x08003ee5   Thumb Code    88  system_stm32f4xx.o(.text)
    SystemCoreClockUpdate                    0x08003f3d   Thumb Code   174  system_stm32f4xx.o(.text)
    invSqrt                                  0x08004019   Thumb Code    56  imu.o(.text)
    Init_Quaternion                          0x08004051   Thumb Code   664  imu.o(.text)
    IMU_getValues                            0x080042e9   Thumb Code   250  imu.o(.text)
    IMU_AHRSupdate                           0x080043e3   Thumb Code  2042  imu.o(.text)
    IMU_getQ                                 0x08004bdd   Thumb Code    56  imu.o(.text)
    IMU_getYawPitchRoll                      0x08004c15   Thumb Code   648  imu.o(.text)
    GetPitchYawGxGyGz                        0x08004e9d   Thumb Code   204  imu.o(.text)
    IIC_Delay                                0x08004f99   Thumb Code    26  mpu6050_i2c.o(.text)
    HEAT_Configuration                       0x08004fb3   Thumb Code    50  mpu6050_i2c.o(.text)
    IIC_GPIO_Init                            0x08004fe5   Thumb Code    44  mpu6050_i2c.o(.text)
    IIC_SDA_Out                              0x08005011   Thumb Code    34  mpu6050_i2c.o(.text)
    IIC_SDA_In                               0x08005033   Thumb Code    38  mpu6050_i2c.o(.text)
    IIC_Start                                0x08005059   Thumb Code    60  mpu6050_i2c.o(.text)
    IIC_Stop                                 0x08005095   Thumb Code    60  mpu6050_i2c.o(.text)
    IIC_Ack                                  0x080050d1   Thumb Code    66  mpu6050_i2c.o(.text)
    IIC_WaitAck                              0x08005113   Thumb Code    94  mpu6050_i2c.o(.text)
    IIC_WriteBit                             0x08005171   Thumb Code    96  mpu6050_i2c.o(.text)
    IIC_ReadBit                              0x080051d1   Thumb Code    86  mpu6050_i2c.o(.text)
    IIC_WriteData                            0x08005227   Thumb Code    92  mpu6050_i2c.o(.text)
    IIC_ReadData                             0x08005283   Thumb Code   146  mpu6050_i2c.o(.text)
    MPU6050_ReadData                         0x0800536d   Thumb Code    44  mpu6050_driver.o(.text)
    HMC5883_Init                             0x08005399   Thumb Code   116  mpu6050_driver.o(.text)
    MPU6050_Init                             0x0800540d   Thumb Code   250  mpu6050_driver.o(.text)
    MPU6050_EnableInt                        0x08005507   Thumb Code    66  mpu6050_driver.o(.text)
    MPU6050_Initialize                       0x08005549   Thumb Code    20  mpu6050_driver.o(.text)
    MPU6050_DataSave                         0x0800555d   Thumb Code   494  mpu6050_driver.o(.text)
    HMC58X3_ReadData                         0x0800574b   Thumb Code    18  mpu6050_driver.o(.text)
    MPU6050_getMotion6                       0x0800575d   Thumb Code   558  mpu6050_driver.o(.text)
    MPU6050_getlastMotion6                   0x0800598b   Thumb Code    52  mpu6050_driver.o(.text)
    HMC58X3_newValues                        0x080059bf   Thumb Code   334  mpu6050_driver.o(.text)
    HMC58X3_getRaw                           0x08005b0d   Thumb Code   100  mpu6050_driver.o(.text)
    HMC58X3_getlastValues                    0x08005b71   Thumb Code    22  mpu6050_driver.o(.text)
    HMC58X3_mgetValues                       0x08005b87   Thumb Code   168  mpu6050_driver.o(.text)
    calculateHeading                         0x08005c2f   Thumb Code   260  mpu6050_driver.o(.text)
    MPU6050_IntConfiguration                 0x08005d4d   Thumb Code   124  mpu6050_interrupt.o(.text)
    EXTI0_IRQHandler                         0x08005dc9   Thumb Code    34  mpu6050_interrupt.o(.text)
    Is_AppParam_Calied                       0x08005df5   Thumb Code     6  iotask.o(.text)
    AppParamInit                             0x08005e0f   Thumb Code   276  iotask.o(.text)
    SetGimbalCaliData                        0x08005f23   Thumb Code    24  iotask.o(.text)
    SetGyroCaliData                          0x08005f3b   Thumb Code    28  iotask.o(.text)
    SetAccCaliData                           0x08005f57   Thumb Code    24  iotask.o(.text)
    SetMagCaliData                           0x08005f6f   Thumb Code    24  iotask.o(.text)
    SetPIDCaliData                           0x08005f87   Thumb Code   280  iotask.o(.text)
    GetGimbalCaliData                        0x0800609f   Thumb Code    16  iotask.o(.text)
    GetGyroCaliData                          0x080060af   Thumb Code    20  iotask.o(.text)
    GetAccCaliData                           0x080060c3   Thumb Code    20  iotask.o(.text)
    GetMagCaliData                           0x080060d7   Thumb Code    20  iotask.o(.text)
    IsGimbalCalied                           0x080060eb   Thumb Code    16  iotask.o(.text)
    IsGyroCalied                             0x080060fb   Thumb Code    16  iotask.o(.text)
    IsAccCalied                              0x0800610b   Thumb Code    18  iotask.o(.text)
    IsMagCalied                              0x0800611d   Thumb Code    18  iotask.o(.text)
    SetCaliCmdFlag                           0x0800612f   Thumb Code    12  iotask.o(.text)
    ResetCaliCmdFlag                         0x0800613b   Thumb Code    12  iotask.o(.text)
    GetCaliCmdFlagGrp                        0x08006147   Thumb Code     6  iotask.o(.text)
    IsCaliCmdFlagSet                         0x0800614d   Thumb Code    18  iotask.o(.text)
    Sensor_Offset_Param_Init                 0x0800615f   Thumb Code   112  iotask.o(.text)
    MagEndCaliProcess                        0x080061cf   Thumb Code   190  iotask.o(.text)
    MagStartCaliProcess                      0x0800628d   Thumb Code    26  iotask.o(.text)
    GimbalCaliProcess                        0x080062a7   Thumb Code   134  iotask.o(.text)
    GyroCaliProcess                          0x0800632d   Thumb Code   202  iotask.o(.text)
    CalibrateLoop                            0x080063f7   Thumb Code   234  iotask.o(.text)
    PIDCaliProcess                           0x080064e1   Thumb Code    22  iotask.o(.text)
    UploadParameter                          0x080064f7   Thumb Code   616  iotask.o(.text)
    GetWorkState                             0x08006797   Thumb Code     6  controltask.o(.text)
    CMControlLoop                            0x0800679d   Thumb Code   766  controltask.o(.text)
    ShooterMControlLoop                      0x08006a9b   Thumb Code    74  controltask.o(.text)
    SetGimbalMotorOutput                     0x08006ae5   Thumb Code    14  controltask.o(.text)
    GMYawControlLoop                         0x08006af3   Thumb Code   260  controltask.o(.text)
    GMPitchControlLoop                       0x08006bf7   Thumb Code   238  controltask.o(.text)
    GimbalYawControlModeSwitch               0x08006ce5   Thumb Code   282  controltask.o(.text)
    ControtLoopTaskInit                      0x08006dff   Thumb Code   268  controltask.o(.text)
    WorkStateFSM                             0x08006f29   Thumb Code   404  controltask.o(.text)
    Control_Task                             0x080070bd   Thumb Code    90  controltask.o(.text)
    GetRemoteSwitchAction                    0x08007121   Thumb Code   120  remotetask.o(.text)
    IsRemoteBeingAction                      0x08007199   Thumb Code   238  remotetask.o(.text)
    SetInputMode                             0x08007287   Thumb Code    36  remotetask.o(.text)
    GetInputMode                             0x080072ab   Thumb Code     6  remotetask.o(.text)
    SetShootState                            0x080072b1   Thumb Code     6  remotetask.o(.text)
    RemoteShootControl                       0x080072b7   Thumb Code   264  remotetask.o(.text)
    MouseShootControl                        0x080073bf   Thumb Code   288  remotetask.o(.text)
    GimbalAngleLimit                         0x080074df   Thumb Code   220  remotetask.o(.text)
    MouseKeyControlProcess                   0x080075bb   Thumb Code   446  remotetask.o(.text)
    RemoteControlProcess                     0x08007779   Thumb Code   222  remotetask.o(.text)
    RemoteDataPrcess                         0x08007857   Thumb Code   210  remotetask.o(.text)
    GetShootState                            0x08007929   Thumb Code     6  remotetask.o(.text)
    GetFrictionState                         0x0800792f   Thumb Code     6  remotetask.o(.text)
    SetFrictionState                         0x08007935   Thumb Code     6  remotetask.o(.text)
    RemoteTaskInit                           0x0800793b   Thumb Code   144  remotetask.o(.text)
    GetEncoderBias                           0x080079cd   Thumb Code    26  canbustask.o(.text)
    EncoderProcess                           0x080079e7   Thumb Code   202  canbustask.o(.text)
    CanReceiveMsgProcess                     0x08007ab1   Thumb Code   554  canbustask.o(.text)
    Set_CM_Speed                             0x08007cdb   Thumb Code    92  canbustask.o(.text)
    Set_Gimbal_Current                       0x08007d37   Thumb Code    82  canbustask.o(.text)
    LED_TOGGLE                               0x08007dbd   Thumb Code   214  supervisetask.o(.text)
    Get_Lost_Error                           0x08007e93   Thumb Code    10  supervisetask.o(.text)
    GetLostCounter                           0x08007e9d   Thumb Code    18  supervisetask.o(.text)
    SuperviseTask                            0x08007eaf   Thumb Code   426  supervisetask.o(.text)
    Set_Error_Flag                           0x08008059   Thumb Code     2  supervisetask.o(.text)
    Is_Lost_Error_Set                        0x0800805b   Thumb Code    22  supervisetask.o(.text)
    Is_Serious_Error                         0x08008071   Thumb Code    46  supervisetask.o(.text)
    FrameUnpack                              0x0800813d   Thumb Code   234  protocal_parser.o(.text)
    FramePack                                0x08008227   Thumb Code    50  protocal_parser.o(.text)
    SetFrameLength                           0x08008259   Thumb Code    10  protocal_parser.o(.text)
    SetFrameCmd                              0x08008263   Thumb Code    10  protocal_parser.o(.text)
    GetFrameCmd                              0x0800826d   Thumb Code     6  protocal_parser.o(.text)
    GetFrameDataAddress                      0x08008273   Thumb Code     6  protocal_parser.o(.text)
    Version_Send                             0x08008279   Thumb Code    94  protocal_parser.o(.text)
    IMU_Info_Send                            0x080082d7   Thumb Code   122  protocal_parser.o(.text)
    Sensor_Info_Send                         0x08008351   Thumb Code   140  protocal_parser.o(.text)
    Mag_Cali_Info_Send                       0x080083dd   Thumb Code   122  protocal_parser.o(.text)
    Offset_Info_Send                         0x08008457   Thumb Code   174  protocal_parser.o(.text)
    Cali_Feedback_Info_Send                  0x08008505   Thumb Code    88  protocal_parser.o(.text)
    Robot_Error_Code_Send                    0x0800855d   Thumb Code     2  protocal_parser.o(.text)
    PID_Paremeter_Send                       0x0800855f   Thumb Code   270  protocal_parser.o(.text)
    FIFO_Init                                0x0800866d   Thumb Code    78  fifo.o(.text)
    FIFO_Create                              0x080086bb   Thumb Code    80  fifo.o(.text)
    FIFO_Destory                             0x0800870b   Thumb Code    40  fifo.o(.text)
    FIFO_S_Init                              0x08008733   Thumb Code    62  fifo.o(.text)
    FIFO_S_Create                            0x08008771   Thumb Code    60  fifo.o(.text)
    FIFO_S_Destory                           0x080087ad   Thumb Code    40  fifo.o(.text)
    FIFO_Put                                 0x080087d5   Thumb Code   106  fifo.o(.text)
    FIFO_S_Put                               0x0800883f   Thumb Code    68  fifo.o(.text)
    FIFO_S_Puts                              0x08008883   Thumb Code    98  fifo.o(.text)
    FIFO_Get                                 0x080088e5   Thumb Code   106  fifo.o(.text)
    FIFO_S_Get                               0x0800894f   Thumb Code    58  fifo.o(.text)
    FIFO_GetHead                             0x08008989   Thumb Code   162  fifo.o(.text)
    FIFO_S_GetHead                           0x08008a2b   Thumb Code    76  fifo.o(.text)
    FIFO_PreRead                             0x08008a77   Thumb Code   108  fifo.o(.text)
    FIFO_S_PreRead                           0x08008ae3   Thumb Code    48  fifo.o(.text)
    FIFO_IsEmpty                             0x08008b13   Thumb Code    24  fifo.o(.text)
    FIFO_S_IsEmpty                           0x08008b2b   Thumb Code    24  fifo.o(.text)
    FIFO_IsFull                              0x08008b43   Thumb Code    24  fifo.o(.text)
    FIFO_S_IsFull                            0x08008b5b   Thumb Code    24  fifo.o(.text)
    FIFO_CountUsed                           0x08008b73   Thumb Code    16  fifo.o(.text)
    FIFO_S_CountUsed                         0x08008b83   Thumb Code    16  fifo.o(.text)
    FIFO_CountFree                           0x08008b93   Thumb Code    16  fifo.o(.text)
    FIFO_S_CountFree                         0x08008ba3   Thumb Code    16  fifo.o(.text)
    FIFO_Flush                               0x08008bb3   Thumb Code    50  fifo.o(.text)
    FIFO_S_Flush                             0x08008be5   Thumb Code    44  fifo.o(.text)
    RampInit                                 0x08008c11   Thumb Code     8  ramp.o(.text)
    RampCalc                                 0x08008c19   Thumb Code    66  ramp.o(.text)
    RampSetCounter                           0x08008c5b   Thumb Code     4  ramp.o(.text)
    RampResetCounter                         0x08008c5f   Thumb Code     6  ramp.o(.text)
    RampSetScale                             0x08008c65   Thumb Code     4  ramp.o(.text)
    RampIsOverflow                           0x08008c69   Thumb Code    18  ramp.o(.text)
    LostCounterFeed                          0x08008c81   Thumb Code     8  lostcounter.o(.text)
    LostCounterCount                         0x08008c89   Thumb Code    10  lostcounter.o(.text)
    LostCounterOverflowCheck                 0x08008c93   Thumb Code    14  lostcounter.o(.text)
    PID_Reset                                0x08008ca1   Thumb Code    50  pid_regulator.o(.text)
    PID_Calc                                 0x08008cd3   Thumb Code   234  pid_regulator.o(.text)
    Get_CRC8_Check_Sum                       0x08008dc1   Thumb Code    30  mf_crc8.o(.text)
    Verify_CRC8_Check_Sum                    0x08008ddf   Thumb Code    46  mf_crc8.o(.text)
    Append_CRC8_Check_Sum                    0x08008e0d   Thumb Code    36  mf_crc8.o(.text)
    Get_CRC16_Check_Sum                      0x08008e35   Thumb Code    46  mf_crc16.o(.text)
    Verify_CRC16_Check_Sum                   0x08008e63   Thumb Code    60  mf_crc16.o(.text)
    Append_CRC16_Check_Sum                   0x08008e9f   Thumb Code    44  mf_crc16.o(.text)
    __aeabi_memcpy                           0x08008ed5   Thumb Code    36  memcpya.o(.text)
    __aeabi_memcpy4                          0x08008ed5   Thumb Code     0  memcpya.o(.text)
    __aeabi_memcpy8                          0x08008ed5   Thumb Code     0  memcpya.o(.text)
    __aeabi_memset                           0x08008ef9   Thumb Code    14  memseta.o(.text)
    __aeabi_memset4                          0x08008ef9   Thumb Code     0  memseta.o(.text)
    __aeabi_memset8                          0x08008ef9   Thumb Code     0  memseta.o(.text)
    __aeabi_memclr                           0x08008f07   Thumb Code     4  memseta.o(.text)
    __aeabi_memclr4                          0x08008f07   Thumb Code     0  memseta.o(.text)
    __aeabi_memclr8                          0x08008f07   Thumb Code     0  memseta.o(.text)
    _memset$wrapper                          0x08008f0b   Thumb Code    18  memseta.o(.text)
    __aeabi_dadd                             0x08008f1d   Thumb Code   322  dadd.o(.text)
    __aeabi_dsub                             0x0800905f   Thumb Code     6  dadd.o(.text)
    __aeabi_drsub                            0x08009065   Thumb Code     6  dadd.o(.text)
    __aeabi_dmul                             0x0800906b   Thumb Code   228  dmul.o(.text)
    __aeabi_ddiv                             0x0800914f   Thumb Code   222  ddiv.o(.text)
    __aeabi_i2d                              0x0800922d   Thumb Code    34  dflti.o(.text)
    __aeabi_d2uiz                            0x0800924f   Thumb Code    50  dfixui.o(.text)
    __aeabi_f2d                              0x08009281   Thumb Code    38  f2d.o(.text)
    __aeabi_cdrcmple                         0x080092a9   Thumb Code    48  cdrcmple.o(.text)
    __aeabi_d2f                              0x080092d9   Thumb Code    56  d2f.o(.text)
    __aeabi_llsl                             0x08009311   Thumb Code    30  llshl.o(.text)
    _ll_shift_l                              0x08009311   Thumb Code     0  llshl.o(.text)
    __aeabi_llsr                             0x0800932f   Thumb Code    32  llushr.o(.text)
    _ll_ushift_r                             0x0800932f   Thumb Code     0  llushr.o(.text)
    __aeabi_lasr                             0x0800934f   Thumb Code    36  llsshr.o(.text)
    _ll_sshift_r                             0x0800934f   Thumb Code     0  llsshr.o(.text)
    __I$use$fp                               0x08009373   Thumb Code     0  iusefp.o(.text)
    _float_round                             0x08009373   Thumb Code    18  fepilogue.o(.text)
    _float_epilogue                          0x08009385   Thumb Code    92  fepilogue.o(.text)
    _double_round                            0x080093e1   Thumb Code    30  depilogue.o(.text)
    _double_epilogue                         0x080093ff   Thumb Code   156  depilogue.o(.text)
    _dsqrt                                   0x0800949b   Thumb Code   162  dsqrt.o(.text)
    __scatterload                            0x0800953d   Thumb Code    28  init.o(.text)
    __scatterload_rt2                        0x0800953d   Thumb Code     0  init.o(.text)
    __decompress                             0x08009561   Thumb Code     0  __dczerorl2.o(.text)
    __decompress1                            0x08009561   Thumb Code    86  __dczerorl2.o(.text)
    __0printf$bare                           0x080095b9   Thumb Code     8  printfb.o(i.__0printf$bare)
    __1printf$bare                           0x080095b9   Thumb Code     0  printfb.o(i.__0printf$bare)
    __2printf                                0x080095b9   Thumb Code     0  printfb.o(i.__0printf$bare)
    __ARM_fpclassify                         0x080095c9   Thumb Code    48  fpclassify.o(i.__ARM_fpclassify)
    __hardfp_asin                            0x080095f9   Thumb Code   770  asin.o(i.__hardfp_asin)
    __hardfp_atan                            0x08009959   Thumb Code   622  atan.o(i.__hardfp_atan)
    __hardfp_atan2                           0x08009c31   Thumb Code   432  atan2.o(i.__hardfp_atan2)
    __hardfp_fabs                            0x08009e21   Thumb Code    20  fabs.o(i.__hardfp_fabs)
    __hardfp_sqrt                            0x08009e35   Thumb Code   122  sqrt.o(i.__hardfp_sqrt)
    __kernel_poly                            0x08009eaf   Thumb Code   248  poly.o(i.__kernel_poly)
    __mathlib_dbl_infnan                     0x08009fa7   Thumb Code    20  dunder.o(i.__mathlib_dbl_infnan)
    __mathlib_dbl_infnan2                    0x08009fbb   Thumb Code    20  dunder.o(i.__mathlib_dbl_infnan2)
    __mathlib_dbl_invalid                    0x08009fd1   Thumb Code    24  dunder.o(i.__mathlib_dbl_invalid)
    __mathlib_dbl_underflow                  0x08009ff1   Thumb Code    24  dunder.o(i.__mathlib_dbl_underflow)
    __scatterload_copy                       0x0800a011   Thumb Code    14  handlers.o(i.__scatterload_copy)
    __scatterload_null                       0x0800a01f   Thumb Code     2  handlers.o(i.__scatterload_null)
    __scatterload_zeroinit                   0x0800a021   Thumb Code    14  handlers.o(i.__scatterload_zeroinit)
    __set_errno                              0x0800a031   Thumb Code     6  errno.o(i.__set_errno)
    atan                                     0x0800a05f   Thumb Code    16  atan.o(i.atan)
    fabs                                     0x0800a06f   Thumb Code    24  fabs.o(i.fabs)
    free                                     0x0800a089   Thumb Code    76  malloc.o(i.free)
    malloc                                   0x0800a0d9   Thumb Code    92  malloc.o(i.malloc)
    sqrt                                     0x0800a145   Thumb Code   110  sqrt.o(i.sqrt)
    lost_counter_len                         0x0800a1b4   Data          44  supervisetask.o(.constdata)
    CRC8_INIT                                0x0800a1e0   Data           1  mf_crc8.o(.constdata)
    CRC8_TAB                                 0x0800a1e1   Data         256  mf_crc8.o(.constdata)
    wCRC_Table                               0x0800a2e2   Data         512  mf_crc16.o(.constdata)
    __mathlib_zero                           0x0800a5d0   Data           8  qnan.o(.constdata)
    Region$$Table$$Base                      0x0800a5d8   Number         0  anon$$obj.o(Region$$Table)
    Region$$Table$$Limit                     0x0800a5f8   Number         0  anon$$obj.o(Region$$Table)
    Upload_Speed                             0x20000000   Data           4  main.o(.data)
    power1                                   0x20000004   Data           2  main.o(.data)
    power2                                   0x20000006   Data           2  main.o(.data)
    system_micrsecond                        0x20000008   Data           4  main.o(.data)
    UART_TranFifo                            0x20000010   Data           4  usart3.o(.data)
    SystemCoreClock                          0x20000028   Data           4  system_stm32f4xx.o(.data)
    AHBPrescTable                            0x2000002c   Data          16  system_stm32f4xx.o(.data)
    exInt                                    0x2000003c   Data           4  imu.o(.data)
    eyInt                                    0x20000040   Data           4  imu.o(.data)
    ezInt                                    0x20000044   Data           4  imu.o(.data)
    q0                                       0x20000048   Data           4  imu.o(.data)
    q1                                       0x2000004c   Data           4  imu.o(.data)
    q2                                       0x20000050   Data           4  imu.o(.data)
    q3                                       0x20000054   Data           4  imu.o(.data)
    lastUpdate                               0x2000007c   Data           4  imu.o(.data)
    now                                      0x20000080   Data           4  imu.o(.data)
    yaw_temp                                 0x20000084   Data           4  imu.o(.data)
    pitch_temp                               0x20000088   Data           4  imu.o(.data)
    roll_temp                                0x2000008c   Data           4  imu.o(.data)
    last_yaw_temp                            0x20000090   Data           4  imu.o(.data)
    last_pitch_temp                          0x20000094   Data           4  imu.o(.data)
    last_roll_temp                           0x20000098   Data           4  imu.o(.data)
    yaw_angle                                0x2000009c   Data           4  imu.o(.data)
    pitch_angle                              0x200000a0   Data           4  imu.o(.data)
    roll_angle                               0x200000a4   Data           4  imu.o(.data)
    headDegree                               0x200000a8   Data           4  imu.o(.data)
    HMC5883_lastx                            0x200000b0   Data           4  mpu6050_driver.o(.data)
    HMC5883_lasty                            0x200000b4   Data           4  mpu6050_driver.o(.data)
    HMC5883_lastz                            0x200000b8   Data           4  mpu6050_driver.o(.data)
    MPU6050_Lastax                           0x200000bc   Data           2  mpu6050_driver.o(.data)
    MPU6050_Lastay                           0x200000be   Data           2  mpu6050_driver.o(.data)
    MPU6050_Lastaz                           0x200000c0   Data           2  mpu6050_driver.o(.data)
    MPU6050_Lastgx                           0x200000c2   Data           2  mpu6050_driver.o(.data)
    MPU6050_Lastgy                           0x200000c4   Data           2  mpu6050_driver.o(.data)
    MPU6050_Lastgz                           0x200000c6   Data           2  mpu6050_driver.o(.data)
    isMPU6050_is_DRY                         0x200000c8   Data           1  mpu6050_interrupt.o(.data)
    PIDCaliData                              0x200000d8   Data           8  iotask.o(.data)
    GimbalSavedCaliData                      0x200000e0   Data           5  iotask.o(.data)
    GyroSavedCaliData                        0x200000e5   Data           7  iotask.o(.data)
    PitchPositionSavedPID                    0x200000ec   Data           8  iotask.o(.data)
    PitchSpeedSavedPID                       0x200000f4   Data           8  iotask.o(.data)
    YawPositionSavedPID                      0x200000fc   Data           8  iotask.o(.data)
    YawSpeedSavedPID                         0x20000104   Data           8  iotask.o(.data)
    app_param_calied_flag                    0x2000010c   Data           1  iotask.o(.data)
    GMPPositionPID                           0x20000148   Data          80  controltask.o(.data)
    GMPSpeedPID                              0x20000198   Data          80  controltask.o(.data)
    GMYPositionPID                           0x200001e8   Data          80  controltask.o(.data)
    GMYSpeedPID                              0x20000238   Data          80  controltask.o(.data)
    CMRotatePID                              0x20000288   Data          80  controltask.o(.data)
    CM1SpeedPID                              0x200002d8   Data          80  controltask.o(.data)
    CM2SpeedPID                              0x20000328   Data          80  controltask.o(.data)
    CM3SpeedPID                              0x20000378   Data          80  controltask.o(.data)
    CM4SpeedPID                              0x200003c8   Data          80  controltask.o(.data)
    ShootMotorPositionPID                    0x20000418   Data          80  controltask.o(.data)
    ShootMotorSpeedPID                       0x20000468   Data          80  controltask.o(.data)
    lastWorkState                            0x200004b8   Data           1  controltask.o(.data)
    workState                                0x200004b9   Data           1  controltask.o(.data)
    GMPitchRamp                              0x200004bc   Data          36  controltask.o(.data)
    GMYawRamp                                0x200004e0   Data          36  controltask.o(.data)
    pwm_ccr                                  0x20000504   Data           2  controltask.o(.data)
    ChassisSpeedRef                          0x20000518   Data           6  remotetask.o(.data)
    friction_wheel_state                     0x2000051e   Data           1  remotetask.o(.data)
    frictionRamp                             0x20000524   Data          36  remotetask.o(.data)
    LRSpeedRamp                              0x20000548   Data          36  remotetask.o(.data)
    FBSpeedRamp                              0x2000056c   Data          36  remotetask.o(.data)
    ZGyroModuleAngle                         0x2000059c   Data           4  canbustask.o(.data)
    lost_counter                             0x200005a0   Data          44  supervisetask.o(.data)
    lost_err                                 0x200005cc   Data           4  supervisetask.o(.data)
    CRC_INIT                                 0x200005e2   Data           2  mf_crc16.o(.data)
    __stdout                                 0x200005e4   Data           4  stdout.o(.data)
    __microlib_freelist                      0x200005e8   Data           4  mvars.o(.data)
    __microlib_freelist_initialised          0x200005ec   Data           4  mvars.o(.data)
    mygetqval                                0x20000834   Data          36  imu.o(.bss)
    angle                                    0x20000868   Data          12  imu.o(.bss)
    MPU6050_Raw_Data                         0x20000874   Data          20  mpu6050_driver.o(.bss)
    outMPU6050_Raw_Data                      0x20000888   Data          20  mpu6050_driver.o(.bss)
    MPU6050_Real_Data                        0x2000089c   Data          40  mpu6050_driver.o(.bss)
    outMPU6050_Real_Data                     0x200008c4   Data          40  mpu6050_driver.o(.bss)
    ahrs                                     0x200008ec   Data          12  mpu6050_driver.o(.bss)
    mpu_buf                                  0x200008f8   Data          20  mpu6050_driver.o(.bss)
    MPU6050_FIFO                             0x2000090c   Data         132  mpu6050_driver.o(.bss)
    HMC5883_FIFO                             0x20000990   Data          66  mpu6050_driver.o(.bss)
    MagMaxMinData                            0x200009d2   Data          12  mpu6050_driver.o(.bss)
    magraw                                   0x200009e0   Data          12  mpu6050_driver.o(.bss)
    gAppParamStruct                          0x200009ec   Data          87  iotask.o(.bss)
    AccSavedCaliData                         0x20000a56   Data          19  iotask.o(.bss)
    MagSavedCaliData                         0x20000a69   Data          19  iotask.o(.bss)
    RC_CtrlData                              0x20000a7c   Data          22  remotetask.o(.bss)
    GimbalRef                                0x20000a94   Data          24  remotetask.o(.bss)
    pwmwatch                                 0x20000ac4   Data          16  remotetask.o(.bss)
    CM1Encoder                               0x20000ad4   Data          68  canbustask.o(.bss)
    CM2Encoder                               0x20000b18   Data          68  canbustask.o(.bss)
    CM3Encoder                               0x20000b5c   Data          68  canbustask.o(.bss)
    CM4Encoder                               0x20000ba0   Data          68  canbustask.o(.bss)
    GMYawEncoder                             0x20000be4   Data          68  canbustask.o(.bss)
    GMPitchEncoder                           0x20000c28   Data          68  canbustask.o(.bss)
    __heap_base                              0x20000d78   Data           0  startup_stm32f4xx.o(HEAP)
    __heap_limit                             0x20000f78   Data           0  startup_stm32f4xx.o(HEAP)
    __initial_sp                             0x20001978   Data           0  startup_stm32f4xx.o(STACK)



==============================================================================

Memory Map of the image

  Image Entry point : 0x08000189

  Load Region LR_IROM1 (Base: 0x08000000, Size: 0x0000abec, Max: 0x00080000, ABSOLUTE, COMPRESSED[0x0000a6a0])

    Execution Region ER_IROM1 (Base: 0x08000000, Size: 0x0000a5f8, Max: 0x00080000, ABSOLUTE)

    Base Addr    Size         Type   Attr      Idx    E Section Name        Object

    0x08000000   0x00000188   Data   RO          584    RESET               startup_stm32f4xx.o
    0x08000188   0x00000000   Code   RO         1825  * .ARM.Collect$$$$00000000  mc_w.l(entry.o)
    0x08000188   0x00000004   Code   RO         2173    .ARM.Collect$$$$00000001  mc_w.l(entry2.o)
    0x0800018c   0x00000004   Code   RO         2176    .ARM.Collect$$$$00000004  mc_w.l(entry5.o)
    0x08000190   0x00000000   Code   RO         2178    .ARM.Collect$$$$00000008  mc_w.l(entry7b.o)
    0x08000190   0x00000000   Code   RO         2180    .ARM.Collect$$$$0000000A  mc_w.l(entry8b.o)
    0x08000190   0x00000008   Code   RO         2181    .ARM.Collect$$$$0000000B  mc_w.l(entry9a.o)
    0x08000198   0x00000000   Code   RO         2183    .ARM.Collect$$$$0000000D  mc_w.l(entry10a.o)
    0x08000198   0x00000000   Code   RO         2185    .ARM.Collect$$$$0000000F  mc_w.l(entry11a.o)
    0x08000198   0x00000004   Code   RO         2174    .ARM.Collect$$$$00002712  mc_w.l(entry2.o)
    0x0800019c   0x0000005c   Code   RO            4    .text               main.o
    0x080001f8   0x00000050   Code   RO          209    .text               bsp.o
    0x08000248   0x00000040   Code   RO          240    .text               led.o
    0x08000288   0x00000128   Code   RO          264    .text               gun.o
    0x080003b0   0x000001b0   Code   RO          291    .text               can1.o
    0x08000560   0x00000150   Code   RO          315    .text               can2.o
    0x080006b0   0x0000006c   Code   RO          342    .text               delay.o
    0x0800071c   0x000000f4   Code   RO          366    .text               exti.o
    0x08000810   0x0000003c   Code   RO          390    .text               laser.o
    0x0800084c   0x000001b4   Code   RO          414    .text               timer.o
    0x08000a00   0x0000021c   Code   RO          441    .text               usart1.o
    0x08000c1c   0x00000220   Code   RO          474    .text               usart3.o
    0x08000e3c   0x0000009c   Code   RO          505    .text               encoder.o
    0x08000ed8   0x00000174   Code   RO          531    .text               bsp_flash.o
    0x0800104c   0x00000024   Code   RO          585    .text               startup_stm32f4xx.o
    0x08001070   0x00000018   Code   RO          592    .text               stm32f4xx_it.o
    0x08001088   0x000000e0   Code   RO          619    .text               misc.o
    0x08001168   0x000009f0   Code   RO          696    .text               stm32f4xx_can.o
    0x08001b58   0x000003a8   Code   RO          777    .text               stm32f4xx_dma.o
    0x08001f00   0x0000011c   Code   RO          804    .text               stm32f4xx_exti.o
    0x0800201c   0x000004bc   Code   RO          831    .text               stm32f4xx_flash.o
    0x080024d8   0x0000025c   Code   RO          858    .text               stm32f4xx_gpio.o
    0x08002734   0x00000588   Code   RO          912    .text               stm32f4xx_rcc.o
    0x08002cbc   0x0000008c   Code   RO          968    .text               stm32f4xx_syscfg.o
    0x08002d48   0x00000ca2   Code   RO          995    .text               stm32f4xx_tim.o
    0x080039ea   0x00000002   PAD
    0x080039ec   0x0000041a   Code   RO         1022    .text               stm32f4xx_usart.o
    0x08003e06   0x00000002   PAD
    0x08003e08   0x00000210   Code   RO         1049    .text               system_stm32f4xx.o
    0x08004018   0x00000f80   Code   RO         1106    .text               imu.o
    0x08004f98   0x000003d4   Code   RO         1145    .text               mpu6050_i2c.o
    0x0800536c   0x000009e0   Code   RO         1172    .text               mpu6050_driver.o
    0x08005d4c   0x000000a8   Code   RO         1208    .text               mpu6050_interrupt.o
    0x08005df4   0x0000099c   Code   RO         1238    .text               iotask.o
    0x08006790   0x00000990   Code   RO         1270    .text               controltask.o
    0x08007120   0x000008aa   Code   RO         1300    .text               remotetask.o
    0x080079ca   0x00000002   PAD
    0x080079cc   0x000003f0   Code   RO         1334    .text               canbustask.o
    0x08007dbc   0x00000300   Code   RO         1365    .text               supervisetask.o
    0x080080bc   0x000005b0   Code   RO         1396    .text               Protocol.lib(protocal_parser.o)
    0x0800866c   0x000005a4   Code   RO         1487    .text               RMLib.lib(fifo.o)
    0x08008c10   0x00000070   Code   RO         1567    .text               RMLib.lib(ramp.o)
    0x08008c80   0x00000020   Code   RO         1700    .text               RMLib.lib(lostcounter.o)
    0x08008ca0   0x00000120   Code   RO         1723    .text               RMLib.lib(pid_regulator.o)
    0x08008dc0   0x00000074   Code   RO         1747    .text               Protocol.lib(mf_crc8.o)
    0x08008e34   0x000000a0   Code   RO         1762    .text               Protocol.lib(mf_crc16.o)
    0x08008ed4   0x00000024   Code   RO         1828    .text               mc_w.l(memcpya.o)
    0x08008ef8   0x00000024   Code   RO         1830    .text               mc_w.l(memseta.o)
    0x08008f1c   0x0000014e   Code   RO         2122    .text               mf_w.l(dadd.o)
    0x0800906a   0x000000e4   Code   RO         2124    .text               mf_w.l(dmul.o)
    0x0800914e   0x000000de   Code   RO         2126    .text               mf_w.l(ddiv.o)
    0x0800922c   0x00000022   Code   RO         2130    .text               mf_w.l(dflti.o)
    0x0800924e   0x00000032   Code   RO         2132    .text               mf_w.l(dfixui.o)
    0x08009280   0x00000026   Code   RO         2134    .text               mf_w.l(f2d.o)
    0x080092a6   0x00000002   PAD
    0x080092a8   0x00000030   Code   RO         2136    .text               mf_w.l(cdrcmple.o)
    0x080092d8   0x00000038   Code   RO         2138    .text               mf_w.l(d2f.o)
    0x08009310   0x0000001e   Code   RO         2192    .text               mc_w.l(llshl.o)
    0x0800932e   0x00000020   Code   RO         2194    .text               mc_w.l(llushr.o)
    0x0800934e   0x00000024   Code   RO         2196    .text               mc_w.l(llsshr.o)
    0x08009372   0x00000000   Code   RO         2207    .text               mc_w.l(iusefp.o)
    0x08009372   0x0000006e   Code   RO         2208    .text               mf_w.l(fepilogue.o)
    0x080093e0   0x000000ba   Code   RO         2210    .text               mf_w.l(depilogue.o)
    0x0800949a   0x000000a2   Code   RO         2212    .text               mf_w.l(dsqrt.o)
    0x0800953c   0x00000024   Code   RO         2218    .text               mc_w.l(init.o)
    0x08009560   0x00000056   Code   RO         2228    .text               mc_w.l(__dczerorl2.o)
    0x080095b6   0x00000002   PAD
    0x080095b8   0x00000010   Code   RO         1835    i.__0printf$bare    mc_w.l(printfb.o)
    0x080095c8   0x00000030   Code   RO         2168    i.__ARM_fpclassify  m_wm.l(fpclassify.o)
    0x080095f8   0x00000360   Code   RO         1781    i.__hardfp_asin     m_wm.l(asin.o)
    0x08009958   0x000002d8   Code   RO         2140    i.__hardfp_atan     m_wm.l(atan.o)
    0x08009c30   0x000001f0   Code   RO         1795    i.__hardfp_atan2    m_wm.l(atan2.o)
    0x08009e20   0x00000014   Code   RO         1807    i.__hardfp_fabs     m_wm.l(fabs.o)
    0x08009e34   0x0000007a   Code   RO         1813    i.__hardfp_sqrt     m_wm.l(sqrt.o)
    0x08009eae   0x000000f8   Code   RO         2170    i.__kernel_poly     m_wm.l(poly.o)
    0x08009fa6   0x00000014   Code   RO         2155    i.__mathlib_dbl_infnan  m_wm.l(dunder.o)
    0x08009fba   0x00000014   Code   RO         2156    i.__mathlib_dbl_infnan2  m_wm.l(dunder.o)
    0x08009fce   0x00000002   PAD
    0x08009fd0   0x00000020   Code   RO         2157    i.__mathlib_dbl_invalid  m_wm.l(dunder.o)
    0x08009ff0   0x00000020   Code   RO         2160    i.__mathlib_dbl_underflow  m_wm.l(dunder.o)
    0x0800a010   0x0000000e   Code   RO         2222    i.__scatterload_copy  mc_w.l(handlers.o)
    0x0800a01e   0x00000002   Code   RO         2223    i.__scatterload_null  mc_w.l(handlers.o)
    0x0800a020   0x0000000e   Code   RO         2224    i.__scatterload_zeroinit  mc_w.l(handlers.o)
    0x0800a02e   0x00000002   PAD
    0x0800a030   0x0000000c   Code   RO         2202    i.__set_errno       mc_w.l(errno.o)
    0x0800a03c   0x00000022   Code   RO         1842    i._printf_core      mc_w.l(printfb.o)
    0x0800a05e   0x00000010   Code   RO         2142    i.atan              m_wm.l(atan.o)
    0x0800a06e   0x00000018   Code   RO         1809    i.fabs              m_wm.l(fabs.o)
    0x0800a086   0x00000002   PAD
    0x0800a088   0x00000050   Code   RO         2094    i.free              mc_w.l(malloc.o)
    0x0800a0d8   0x0000006c   Code   RO         2095    i.malloc            mc_w.l(malloc.o)
    0x0800a144   0x0000006e   Code   RO         1815    i.sqrt              m_wm.l(sqrt.o)
    0x0800a1b2   0x00000002   PAD
    0x0800a1b4   0x0000002c   Data   RO         1367    .constdata          supervisetask.o
    0x0800a1e0   0x00000101   Data   RO         1748    .constdata          Protocol.lib(mf_crc8.o)
    0x0800a2e1   0x00000001   PAD
    0x0800a2e2   0x00000200   Data   RO         1763    .constdata          Protocol.lib(mf_crc16.o)
    0x0800a4e2   0x00000006   PAD
    0x0800a4e8   0x00000050   Data   RO         1784    .constdata          m_wm.l(asin.o)
    0x0800a538   0x00000098   Data   RO         2143    .constdata          m_wm.l(atan.o)
    0x0800a5d0   0x00000008   Data   RO         2172    .constdata          m_wm.l(qnan.o)
    0x0800a5d8   0x00000020   Data   RO         2220    Region$$Table       anon$$obj.o


    Execution Region RW_IRAM1 (Base: 0x20000000, Size: 0x00001978, Max: 0x00020000, ABSOLUTE, COMPRESSED[0x000000a8])

    Base Addr    Size         Type   Attr      Idx    E Section Name        Object

    0x20000000   0x0000000c   Data   RW            5    .data               main.o
    0x2000000c   0x00000004   Data   RW          443    .data               usart1.o
    0x20000010   0x00000004   Data   RW          476    .data               usart3.o
    0x20000014   0x00000001   Data   RW          506    .data               encoder.o
    0x20000015   0x00000010   Data   RW          913    .data               stm32f4xx_rcc.o
    0x20000025   0x00000003   PAD
    0x20000028   0x00000014   Data   RW         1050    .data               system_stm32f4xx.o
    0x2000003c   0x00000074   Data   RW         1108    .data               imu.o
    0x200000b0   0x00000018   Data   RW         1174    .data               mpu6050_driver.o
    0x200000c8   0x00000001   Data   RW         1209    .data               mpu6050_interrupt.o
    0x200000c9   0x00000003   PAD
    0x200000cc   0x0000007a   Data   RW         1240    .data               iotask.o
    0x20000146   0x00000002   PAD
    0x20000148   0x000003d0   Data   RW         1271    .data               controltask.o
    0x20000518   0x00000080   Data   RW         1302    .data               remotetask.o
    0x20000598   0x00000008   Data   RW         1336    .data               canbustask.o
    0x200005a0   0x0000003c   Data   RW         1368    .data               supervisetask.o
    0x200005dc   0x00000005   Data   RW         1398    .data               Protocol.lib(protocal_parser.o)
    0x200005e1   0x00000001   PAD
    0x200005e2   0x00000002   Data   RW         1764    .data               Protocol.lib(mf_crc16.o)
    0x200005e4   0x00000004   Data   RW         2187    .data               mc_w.l(stdout.o)
    0x200005e8   0x00000004   Data   RW         2198    .data               mc_w.l(mvars.o)
    0x200005ec   0x00000004   Data   RW         2199    .data               mc_w.l(mvars.o)
    0x200005f0   0x00000004   Data   RW         2203    .data               mc_w.l(errno.o)
    0x200005f4   0x0000013e   Zero   RW          442    .bss                usart1.o
    0x20000732   0x00000100   Zero   RW          475    .bss                usart3.o
    0x20000832   0x00000002   PAD
    0x20000834   0x00000040   Zero   RW         1107    .bss                imu.o
    0x20000874   0x00000178   Zero   RW         1173    .bss                mpu6050_driver.o
    0x200009ec   0x00000090   Zero   RW         1239    .bss                iotask.o
    0x20000a7c   0x00000058   Zero   RW         1301    .bss                remotetask.o
    0x20000ad4   0x00000198   Zero   RW         1335    .bss                canbustask.o
    0x20000c6c   0x0000010a   Zero   RW         1397    .bss                Protocol.lib(protocal_parser.o)
    0x20000d76   0x00000002   PAD
    0x20000d78   0x00000200   Zero   RW          583    HEAP                startup_stm32f4xx.o
    0x20000f78   0x00000a00   Zero   RW          582    STACK               startup_stm32f4xx.o


==============================================================================

Image component sizes


      Code (inc. data)   RO Data    RW Data    ZI Data      Debug   Object Name

        80          6          0          0          0        575   bsp.o
       372         48          0          0          0       2438   bsp_flash.o
       432         12          0          0          0       1353   can1.o
       336          8          0          0          0       1132   can2.o
      1008         52          0          8        408       3400   canbustask.o
      2448        252          0        976          0       6510   controltask.o
       108          0          0          0          0       1282   delay.o
       156         14          0          1          0       1386   encoder.o
       244         10          0          0          0        878   exti.o
       296         14          0          0          0        776   gun.o
      3968        338          0        116         64       4972   imu.o
      2460        210          0        122        144      10323   iotask.o
        60          6          0          0          0        594   laser.o
        64          6          0          0          0        580   led.o
        92         16          0         12          0     300867   main.o
       224         20          0          0          0     211149   misc.o
      2528        316          0         24        376      11003   mpu6050_driver.o
       980         88          0          0          0       4071   mpu6050_i2c.o
       168         10          0          1          0       1195   mpu6050_interrupt.o
      2218        126          0        128         88       8193   remotetask.o
        36          8        392          0       3072        880   startup_stm32f4xx.o
      2544         38          0          0          0      16580   stm32f4xx_can.o
       936         32          0          0          0      19149   stm32f4xx_dma.o
       284         10          0          0          0       4863   stm32f4xx_exti.o
      1212         26          0          0          0      12569   stm32f4xx_flash.o
       604         36          0          0          0      10629   stm32f4xx_gpio.o
        24          0          0          0          0       1214   stm32f4xx_it.o
      1416         48          0         16          0      24167   stm32f4xx_rcc.o
       140         12          0          0          0       1755   stm32f4xx_syscfg.o
      3234         60          0          0          0      42932   stm32f4xx_tim.o
      1050         26          0          0          0      13972   stm32f4xx_usart.o
       768         30         44         60          0       5535   supervisetask.o
       528         46          0         20          0       2067   system_stm32f4xx.o
       436         18          0          0          0       1785   timer.o
       540         28          0          4        318       3017   usart1.o
       544         18          0          4        256       3426   usart3.o

    ----------------------------------------------------------------------
     32544       1988        468       1500       4728     737217   Object Totals
         0          0         32          0          0          0   (incl. Generated)
         6          0          0          8          2          0   (incl. Padding)

    ----------------------------------------------------------------------

      Code (inc. data)   RO Data    RW Data    ZI Data      Debug   Library Member Name

       160         10        512          2          0       2386   mf_crc16.o
       116          4        257          0          0       1882   mf_crc8.o
      1456         28          0          5        266      13116   protocal_parser.o
      1444          0          0          0          0       8256   fifo.o
        32          0          0          0          0       1640   lostcounter.o
       288          4          0          0          0       1785   pid_regulator.o
       112          6          0          0          0       2612   ramp.o
       864         94         80          0          0        280   asin.o
       744        106        152          0          0        352   atan.o
       496         64          0          0          0        192   atan2.o
       104         16          0          0          0        496   dunder.o
        44          0          0          0          0        248   fabs.o
        48          0          0          0          0        124   fpclassify.o
       248          0          0          0          0        152   poly.o
         0          0          8          0          0          0   qnan.o
       232          0          0          0          0        296   sqrt.o
        86          0          0          0          0          0   __dczerorl2.o
         0          0          0          0          0          0   entry.o
         0          0          0          0          0          0   entry10a.o
         0          0          0          0          0          0   entry11a.o
         8          4          0          0          0          0   entry2.o
         4          0          0          0          0          0   entry5.o
         0          0          0          0          0          0   entry7b.o
         0          0          0          0          0          0   entry8b.o
         8          4          0          0          0          0   entry9a.o
        12          6          0          4          0         68   errno.o
        30          0          0          0          0          0   handlers.o
        36          8          0          0          0         68   init.o
         0          0          0          0          0          0   iusefp.o
        30          0          0          0          0         68   llshl.o
        36          0          0          0          0         68   llsshr.o
        32          0          0          0          0         68   llushr.o
       188         20          0          0          0        160   malloc.o
        36          0          0          0          0         68   memcpya.o
        36          0          0          0          0        108   memseta.o
         0          0          0          8          0          0   mvars.o
        50          8          0          0          0        152   printfb.o
         0          0          0          4          0          0   stdout.o
        48          0          0          0          0         68   cdrcmple.o
        56          0          0          0          0         88   d2f.o
       334          0          0          0          0        148   dadd.o
       222          0          0          0          0        100   ddiv.o
       186          0          0          0          0        176   depilogue.o
        50          0          0          0          0         76   dfixui.o
        34          0          0          0          0         76   dflti.o
       228          0          0          0          0         96   dmul.o
       162          0          0          0          0        100   dsqrt.o
        38          0          0          0          0         68   f2d.o
       110          0          0          0          0        168   fepilogue.o

    ----------------------------------------------------------------------
      8460        382       1016         24        268      35809   Library Totals
        12          0          7          1          2          0   (incl. Padding)

    ----------------------------------------------------------------------

      Code (inc. data)   RO Data    RW Data    ZI Data      Debug   Library Name

      1732         42        769          7        266      17384   Protocol.lib
      1876         10          0          0          0      14293   RMLib.lib
      2780        280        240          0          0       2140   m_wm.l
       592         50          0         16          0        828   mc_w.l
      1468          0          0          0          0       1164   mf_w.l

    ----------------------------------------------------------------------
      8460        382       1016         24        268      35809   Library Totals

    ----------------------------------------------------------------------

==============================================================================


      Code (inc. data)   RO Data    RW Data    ZI Data      Debug   

     41004       2370       1484       1524       4996     762022   Grand Totals
     41004       2370       1484        168       4996     762022   ELF Image Totals (compressed)
     41004       2370       1484        168          0          0   ROM Totals

==============================================================================

    Total RO  Size (Code + RO Data)                42488 (  41.49kB)
    Total RW  Size (RW Data + ZI Data)              6520 (   6.37kB)
    Total ROM Size (Code + RO Data + RW Data)      42656 (  41.66kB)

==============================================================================

